BL51 BANKED LINKER/LOCATER V6.22                                                        10/15/2016  23:15:48  PAGE 1


BL51 BANKED LINKER/LOCATER V6.22, INVOKED BY:
C:\KEIL_V5\C51\BIN\BL51.EXE .\Objects\Box.obj, .\Objects\STARTUP.obj, .\Objects\Delay.obj, .\Objects\Semaphore.obj, .\Ob
>> jects\Version.obj, .\Objects\Adc.obj, .\Objects\Clock.obj, .\Objects\Gpio.obj, .\Objects\Serial.obj, .\Objects\Pwm.ob
>> j, .\Objects\I2c.obj, .\Objects\Spi.obj, .\Objects\Conf_tny.obj TO .\Objects\Box RTX51TINY PRINT (.\Listings\Box.m51)
>>  RAMSIZE (256) DISABLEWARNING (16) OVERLAY (* !  (PRINTF, PEND_SEM))


MEMORY MODEL: SMALL


INPUT MODULES INCLUDED:
  .\Objects\Box.obj (BOX)
  .\Objects\STARTUP.obj (?C_STARTUP)
  .\Objects\Delay.obj (DELAY)
  .\Objects\Semaphore.obj (SEMAPHORE)
  .\Objects\Version.obj (VERSION)
  .\Objects\Adc.obj (ADC)
  .\Objects\Clock.obj (CLOCK)
  .\Objects\Gpio.obj (GPIO)
  .\Objects\Serial.obj (SERIAL)
  .\Objects\Pwm.obj (PWM)
  .\Objects\I2c.obj (I2C)
  .\Objects\Spi.obj (SPI)
  .\Objects\Conf_tny.obj (?RTX51_TINY_KERNAL)
  C:\KEIL_V5\C51\LIB\RTX51TNY.LIB (?RTX51_TINY_OS_CREATE)
  C:\KEIL_V5\C51\LIB\RTX51TNY.LIB (?RTX51_TINY_OS_DELETE)
  C:\KEIL_V5\C51\LIB\RTX51TNY.LIB (?RTX51_TINY_OS_RUNNING_TASK_ID)
  C:\KEIL_V5\C51\LIB\RTX51TNY.LIB (?RTX51_TINY_OS_SEND_RUN)
  C:\KEIL_V5\C51\LIB\RTX51TNY.LIB (?RTX51_TINY_OS_WAIT)
  C:\KEIL_V5\C51\LIB\C51S.LIB (?C_INIT)
  C:\KEIL_V5\C51\LIB\C51S.LIB (?C?CLDPTR)
  C:\KEIL_V5\C51\LIB\C51S.LIB (?C?CSTPTR)
  C:\KEIL_V5\C51\LIB\C51S.LIB (?C?ULDIV)
  C:\KEIL_V5\C51\LIB\C51S.LIB (?C?ULCMP)
  C:\KEIL_V5\C51\LIB\C51S.LIB (?C?ULSHR)
  C:\KEIL_V5\C51\LIB\C51S.LIB (?C?LLDIDATA)
  C:\KEIL_V5\C51\LIB\C51S.LIB (?C?LLDIDATA0)
  C:\KEIL_V5\C51\LIB\C51S.LIB (?C?LSTIDATA)
  C:\KEIL_V5\C51\LIB\C51S.LIB (?C?LSTKIDATA)
  C:\KEIL_V5\C51\LIB\C51S.LIB (?C_IBP)
  C:\KEIL_V5\C51\LIB\C51S.LIB (PRINTF)
  C:\KEIL_V5\C51\LIB\C51S.LIB (?C?CLDOPTR)
  C:\KEIL_V5\C51\LIB\C51S.LIB (?C?PLDIIDATA)
  C:\KEIL_V5\C51\LIB\C51S.LIB (?C?CCASE)
  C:\KEIL_V5\C51\LIB\C51S.LIB (PUTCHAR)


TASK TABLE OF MODULE:  .\Objects\Box (BOX)

TASKID   PRIORITY   REG-BANK   SEGMENT NAME
-------------------------------------------
0        0          0          ?PR?STARTUP_TASK?BOX
1        0          0          ?PR?PHASE1?BOX
2        0          0          ?PR?PHASE2?BOX



LINK MAP OF MODULE:  .\Objects\Box (BOX)
BL51 BANKED LINKER/LOCATER V6.22                                                      10/15/2016  23:15:48  PAGE 2




            TYPE    BASE      LENGTH    RELOCATION   SEGMENT NAME
            -----------------------------------------------------

            * * * * * * *   D A T A   M E M O R Y   * * * * * * *
            REG     0000H     0008H     ABSOLUTE     "REG BANK 0"
            DATA    0008H     0006H     ABSOLUTE     
            DATA    000EH     000CH     UNIT         ?DT?SEMAPHORE
            DATA    001AH     0006H     UNIT         ?DT?_READ_MID_DID?SPI
            BIT     0020H.0   0001H.1   UNIT         _BIT_GROUP_
            BIT     0021H.1   0000H.2   UNIT         ?RTX?BITS
            BIT     0021H.3   0000H.1   UNIT         ?BI?BOX
                    0021H.4   0000H.4                *** GAP ***
            DATA    0022H     0014H     UNIT         _DATA_GROUP_
            DATA    0036H     0004H     UNIT         ?DT?_TIMER0_DELAY10US?DELAY
            DATA    003AH     0004H     UNIT         ?DT?_TIMER1_DELAY10US?DELAY
            DATA    003EH     0004H     UNIT         ?DT?_TIMER2_DELAY10US?DELAY
            DATA    0042H     0004H     UNIT         ?DT?_TIMER3_DELAY10US?DELAY
            DATA    0046H     0004H     UNIT         ?DT?_TIMER0_DELAY1MS?DELAY
            DATA    004AH     0004H     UNIT         ?DT?_TIMER1_DELAY1MS?DELAY
            DATA    004EH     0004H     UNIT         ?DT?_TIMER2_DELAY1MS?DELAY
            DATA    0052H     0004H     UNIT         ?DT?_TIMER3_DELAY1MS?DELAY
            DATA    0056H     0004H     UNIT         ?DT?_WAKEUP_TIMER_DELAY25MS?DELAY
            DATA    005AH     0004H     UNIT         ?DT?_INITIALUART0_TIMER3_TYPE5?SERIAL
            DATA    005EH     0004H     UNIT         ?DT?_INITIALUART0_TIMER3_TYPE6?SERIAL
            DATA    0062H     0004H     UNIT         ?DT?_INITIALUART1_TIMER3?SERIAL
            DATA    0066H     0004H     UNIT         ?DT?_ONE_PAGE_READ?I2C
            DATA    006AH     0004H     UNIT         ?DT?_ONE_PAGE_WRITE?I2C
            DATA    006EH     0003H     UNIT         ?DT?_FLASH_PROGRAM?SPI
            DATA    0071H     0003H     UNIT         ?DT?_FLASH_PROGRAM_VERIFY?SPI
            DATA    0074H     0002H     UNIT         ?DT?FLASH_ERASE_VERIFY?SPI
            DATA    0076H     0001H     UNIT         ?C?LIB_DATA
            IDATA   0077H     0006H     UNIT         ?RTX?TASKSTATE?S
            IDATA   007DH     0003H     UNIT         ?RTX?TASKSP?S
            IDATA   0080H     0001H     UNIT         ?STACK

            * * * * * * *   C O D E   M E M O R Y   * * * * * * *
            CODE    0000H     0003H     ABSOLUTE     
            CODE    0003H     0008H     UNIT         ?PR?RECEIVE_DATA_FROM_UART0?SERIAL
            CODE    000BH     0003H     ABSOLUTE     
            CODE    000EH     035CH     UNIT         ?PR?PRINTF?PRINTF
            CODE    036AH     0301H     UNIT         ?RTX?CODE
            CODE    066BH     01BEH     UNIT         ?C?LIB_CODE
            CODE    0829H     015EH     UNIT         ?CO?VERSION
            CODE    0987H     0148H     UNIT         ?CO?I2C
            CODE    0ACFH     0143H     UNIT         ?PR?_SYSTEM_CLOCK_SELECT?CLOCK
            CODE    0C12H     00ECH     UNIT         ?PR?_ONE_PAGE_READ?I2C
            CODE    0CFEH     00C5H     UNIT         ?PR?_ONE_PAGE_WRITE?I2C
            CODE    0DC3H     00B4H     UNIT         ?PR?_ADC_PIN_SELECT?ADC
            CODE    0E77H     00A6H     UNIT         ?PR?_RELEASE_SEM?SEMAPHORE
            CODE    0F1DH     0098H     UNIT         ?PR?_PWM_MASK_PIN_SEL?PWM
            CODE    0FB5H     008CH     UNIT         ?C_C51STARTUP
            CODE    1041H     007DH     UNIT         ?PR?_PWM_POLARITY_SELECT?PWM
            CODE    10BEH     0065H     UNIT         ?PR?_PWM_DEAD_TIME_CONTROL?PWM
            CODE    1123H     0062H     UNIT         ?PR?_ADC_DIV_SELECT?ADC
            CODE    1185H     005DH     UNIT         ?PR?_?RANDOM_DELAY?DELAY
BL51 BANKED LINKER/LOCATER V6.22                                                      10/15/2016  23:15:48  PAGE 3


            CODE    11E2H     005DH     UNIT         ?PR?_PWM_DIV_SELECT?PWM
            CODE    123FH     005BH     UNIT         ?PR?FLASH_ERASE_VERIFY?SPI
            CODE    129AH     0059H     UNIT         ?PR?_INITIALUART0_TIMER3_TYPE5?SERIAL
            CODE    12F3H     0059H     UNIT         ?PR?_INITIALUART0_TIMER3_TYPE6?SERIAL
            CODE    134CH     0057H     UNIT         ?PR?SHOW_FW_VERSION_NUMBER_TO_PC?VERSION
            CODE    13A3H     0057H     UNIT         ?PR?_READ_MID_DID?SPI
            CODE    13FAH     0053H     UNIT         ?PR?_WAKEUP_TIMER_DELAY25MS?DELAY
            CODE    144DH     0053H     UNIT         ?PR?_INITIALUART1_TIMER3?SERIAL
            CODE    14A0H     004EH     UNIT         ?PR?_TIMER2_DELAY10US?DELAY
            CODE    14EEH     004EH     UNIT         ?PR?_TIMER2_DELAY1MS?DELAY
            CODE    153CH     004DH     UNIT         ?PR?_TIMER3_DELAY10US?DELAY
            CODE    1589H     004DH     UNIT         ?PR?_TIMER3_DELAY1MS?DELAY
            CODE    15D6H     004CH     UNIT         ?PR?_FLASH_PROGRAM_VERIFY?SPI
            CODE    1622H     004BH     UNIT         ?PR?_TIMER0_DELAY10US?DELAY
            CODE    166DH     004BH     UNIT         ?PR?_TIMER1_DELAY10US?DELAY
            CODE    16B8H     004BH     UNIT         ?PR?_TIMER0_DELAY1MS?DELAY
            CODE    1703H     004BH     UNIT         ?PR?_TIMER1_DELAY1MS?DELAY
            CODE    174EH     0049H     UNIT         ?PR?_PWM_PIN_SELECT?PWM
            CODE    1797H     0045H     UNIT         ?PR?_PEND_SEM?SEMAPHORE
            CODE    17DCH     0045H     UNIT         ?CO?SPI
            CODE    1821H     0042H     UNIT         ?PR?_FLASH_PROGRAM?SPI
            CODE    1863H     0037H     UNIT         ?PR?_SPI_INITIAL?SPI
            CODE    189AH     002CH     UNIT         ?PR?_INIT_SEMAPHORE?SEMAPHORE
            CODE    18C6H     002CH     UNIT         ?PR?_PWM_BRAKE_PIN_ENABLE?PWM
            CODE    18F2H     002CH     UNIT         ?PR?_PWM_BRAKE_PIN_DISABLE?PWM
            CODE    191EH     002AH     UNIT         ?PR?_INITIALUART0_TIMER1_TYPE2?SERIAL
            CODE    1948H     002AH     UNIT         ?PR?_INITIALUART0_TIMER1_TYPE3?SERIAL
            CODE    1972H     002AH     UNIT         ?PR?_INITIALUART0_TIMER1_TYPE4?SERIAL
            CODE    199CH     0029H     UNIT         ?PR?_SET_PORT2_GPIO_MODE?GPIO
            CODE    19C5H     0028H     UNIT         ?PR?_INITIALUART0_TIMER1_TYPE1?SERIAL
            CODE    19EDH     0027H     UNIT         ?PR?_SET_PORT0_GPIO_MODE?GPIO
            CODE    1A14H     0027H     UNIT         ?PR?_SET_PORT1_GPIO_MODE?GPIO
            CODE    1A3BH     0027H     UNIT         ?PR?_SET_PORT3_GPIO_MODE?GPIO
            CODE    1A62H     0027H     UNIT         ?PR?PUTCHAR?PUTCHAR
            CODE    1A89H     0023H     UNIT         ?PR?_PWM_MODE_SELECT?PWM
            CODE    1AACH     0022H     UNIT         ?PR?_PWM_INTERRUPT_PAIR_SEL?PWM
            CODE    1ACEH     0022H     UNIT         ?PR?_PWM_INTERRUPT_TYPE_SEL?PWM
            CODE    1AF0H     0021H     UNIT         ?PR?FLASH_READ_STATUS?SPI
            CODE    1B11H     001DH     UNIT         ?PR?PHASE1?BOX
            CODE    1B2EH     001DH     UNIT         ?PR?PHASE2?BOX
            CODE    1B4BH     001BH     UNIT         ?PR?STARTUP_TASK?BOX
            CODE    1B66H     001AH     UNIT         ?PR?SW_RESET?CLOCK
            CODE    1B80H     0019H     UNIT         ?PR?_RELEASE_SEMAPHORE?SEMAPHORE
            CODE    1B99H     0018H     UNIT         ?PR?_PWM_BRAKE_CONTROL?PWM
            CODE    1BB1H     0016H     UNIT         ?PR?_ADC_INITIAL?ADC
            CODE    1BC7H     0014H     UNIT         ?PR?_PEND_SEMAPHORE?SEMAPHORE
            CODE    1BDBH     0013H     UNIT         ?PR?_SEND_STRING_TO_UART0?SERIAL
            CODE    1BEEH     0013H     UNIT         ?PR?_SEND_STRING_TO_UART1?SERIAL
            CODE    1C01H     0012H     UNIT         ?PR?SET_ALL_GPIO_QUASI_MODE?GPIO
            CODE    1C13H     0011H     UNIT         ?PR?SYS_INIT?BOX
            CODE    1C24H     0010H     UNIT         ?PR?FLASH_WRITE_ENABLE?SPI
            CODE    1C34H     0010H     UNIT         ?PR?FLASH_WRITE_DISABLE?SPI
            CODE    1C44H     0010H     UNIT         ?PR?FLASH_CHIP_ERASE?SPI
            CODE    1C54H     000FH     UNIT         ?C_INITSEG
            CODE    1C63H     000FH     UNIT         ?PR?TRIGGER_TIMER1?PWM
            CODE    1C72H     000FH     UNIT         ?PR?_PWM_INTERRUPT_ENABLE?PWM
            CODE    1C81H     000FH     UNIT         ?PR?_PWM_BRAKE_INTERRUPT_ENABLE?PWM
BL51 BANKED LINKER/LOCATER V6.22                                                      10/15/2016  23:15:48  PAGE 4


            CODE    1C90H     000EH     UNIT         ?PR?_ADC_VREF_SELECT?ADC
            CODE    1C9EH     000DH     UNIT         ?PR?_PWM_CLOCK_SELECT?PWM
            CODE    1CABH     000BH     UNIT         ?CO?BOX
            CODE    1CB6H     000BH     UNIT         ?PR?_PWM_BRAKE_ENABLE?PWM
            CODE    1CC1H     000BH     UNIT         ?PR?_PWM_BRAKE_EDGE_MODE?PWM
            CODE    1CCCH     000BH     UNIT         ?PR?_PWM_TYPE_SELECT?PWM
            CODE    1CD7H     000BH     UNIT         ?PR?_PWM_GROUP_MODE?PWM
            CODE    1CE2H     0009H     UNIT         ?PR?SPI_ERROR?SPI
            CODE    1CEBH     0008H     UNIT         ?PR?_SEND_DATA_TO_UART0?SERIAL
            CODE    1CF3H     0008H     UNIT         ?PR?RECEIVE_DATA_FROM_UART1?SERIAL
            CODE    1CFBH     0008H     UNIT         ?PR?_SEND_DATA_TO_UART1?SERIAL
            CODE    1D03H     0006H     UNIT         ?PR?INIT_I2C?I2C
            CODE    1D09H     0006H     UNIT         ?RTX?TASKENT?S
            CODE    1D0FH     0004H     UNIT         ?PR?FSYS_CLOCK_OUTPUT_ON_P26?CLOCK



OVERLAY MAP OF MODULE:   .\Objects\Box (BOX)


SEGMENT                                             BIT_GROUP          DATA_GROUP 
  +--> CALLED SEGMENT                            START    LENGTH     START    LENGTH
------------------------------------------------------------------------------------
?PR?STARTUP_TASK?BOX                             -----    -----      -----    -----
  +--> ?PR?SYS_INIT?BOX
  +--> ?PR?_INIT_SEMAPHORE?SEMAPHORE

?PR?SYS_INIT?BOX                                 -----    -----      -----    -----
  +--> ?PR?SET_ALL_GPIO_QUASI_MODE?GPIO
  +--> ?PR?_INITIALUART0_TIMER1_TYPE2?SERIAL
  +--> ?PR?SHOW_FW_VERSION_NUMBER_TO_PC?VERSION

?PR?SHOW_FW_VERSION_NUMBER_TO_PC?VERSION         -----    -----      -----    -----
  +--> ?CO?VERSION

*** NEW ROOT ***************************************************

?PR?PHASE1?BOX                                   -----    -----      -----    -----
  +--> ?PR?_PEND_SEMAPHORE?SEMAPHORE
  +--> ?CO?BOX
  +--> ?PR?_RELEASE_SEMAPHORE?SEMAPHORE

?PR?_RELEASE_SEMAPHORE?SEMAPHORE                 -----    -----      -----    -----
  +--> ?PR?_RELEASE_SEM?SEMAPHORE

*** NEW ROOT ***************************************************

?PR?PHASE2?BOX                                   -----    -----      -----    -----
  +--> ?PR?_PEND_SEMAPHORE?SEMAPHORE
  +--> ?CO?BOX
  +--> ?PR?_RELEASE_SEMAPHORE?SEMAPHORE

*** NEW ROOT ***************************************************

?C_C51STARTUP                                    -----    -----      -----    -----
  +--> ?C_INITSEG

BL51 BANKED LINKER/LOCATER V6.22                                                      10/15/2016  23:15:48  PAGE 5


*** NEW ROOT ***************************************************

?PR?PRINTF?PRINTF                                0020H.0  0001H.1    0022H    0014H
  +--> ?PR?PUTCHAR?PUTCHAR

*** NEW ROOT ***************************************************

?PR?_PEND_SEM?SEMAPHORE                          -----    -----      0022H    0001H



SYMBOL TABLE OF MODULE:  .\Objects\Box (BOX)

  VALUE           TYPE          NAME
  ----------------------------------

  -------         MODULE        BOX
  C:0000H         SYMBOL        _ICE_DUMMY_
  D:0080H         PUBLIC        P0
  D:0090H         PUBLIC        P1
  D:00A0H         PUBLIC        P2
  D:00B0H         PUBLIC        P3
  D:00D8H         PUBLIC        PWMCON0
  D:00A8H         PUBLIC        IE
  D:00B8H         PUBLIC        IP
  C:1B4BH         PUBLIC        startup_task
  B:0021H.3       PUBLIC        BIT_TMP
  D:0098H         PUBLIC        SCON
  D:0088H         PUBLIC        TCON
  C:1B11H         PUBLIC        phase1
  D:00F8H         PUBLIC        SCON_1
  C:1B2EH         PUBLIC        phase2
  D:00E8H         PUBLIC        ADCCON0
  D:00C0H         PUBLIC        I2CON
  D:00C8H         PUBLIC        T2CON
  C:1C13H         PUBLIC        sys_init
  D:00D0H         PUBLIC        PSW
  -------         PROC          SYS_INIT
  C:1C13H         LINE#         19
  C:1C13H         LINE#         20
  C:1C13H         LINE#         24
  C:1C16H         LINE#         26
  C:1C21H         LINE#         28
  -------         ENDPROC       SYS_INIT
  -------         PROC          STARTUP_TASK
  C:1B4BH         LINE#         34
  C:1B4BH         LINE#         36
  C:1B4EH         LINE#         38
  C:1B57H         LINE#         40
  C:1B5CH         LINE#         41
  C:1B61H         LINE#         42
  -------         ENDPROC       STARTUP_TASK
  -------         PROC          PHASE1
  C:1B11H         LINE#         48
  C:1B11H         LINE#         50
  C:1B11H         LINE#         51
  C:1B11H         LINE#         52
BL51 BANKED LINKER/LOCATER V6.22                                                      10/15/2016  23:15:48  PAGE 6


  C:1B16H         LINE#         53
  C:1B27H         LINE#         54
  C:1B2CH         LINE#         55
  -------         ENDPROC       PHASE1
  -------         PROC          PHASE2
  C:1B2EH         LINE#         61
  C:1B2EH         LINE#         63
  C:1B2EH         LINE#         64
  C:1B2EH         LINE#         65
  C:1B33H         LINE#         66
  C:1B44H         LINE#         67
  C:1B49H         LINE#         68
  -------         ENDPROC       PHASE2
  -------         ENDMOD        BOX

  -------         MODULE        ?C_STARTUP
  C:0FB5H         SEGMENT       ?C_C51STARTUP
  I:0080H         SEGMENT       ?STACK
  C:0000H         PUBLIC        ?C_STARTUP
  D:00E0H         SYMBOL        ACC
  D:00F0H         SYMBOL        B
  D:0083H         SYMBOL        DPH
  D:0082H         SYMBOL        DPL
  N:0000H         SYMBOL        IBPSTACK
  N:0100H         SYMBOL        IBPSTACKTOP
  N:0080H         SYMBOL        IDATALEN
  C:0FB8H         SYMBOL        IDATALOOP
  N:0000H         SYMBOL        PBPSTACK
  N:0100H         SYMBOL        PBPSTACKTOP
  N:0000H         SYMBOL        PDATALEN
  N:0000H         SYMBOL        PDATASTART
  N:0000H         SYMBOL        PPAGE
  N:0000H         SYMBOL        PPAGEENABLE
  D:00A0H         SYMBOL        PPAGE_SFR
  D:0081H         SYMBOL        SP
  C:0FB5H         SYMBOL        STARTUP1
  N:0000H         SYMBOL        XBPSTACK
  N:0000H         SYMBOL        XBPSTACKTOP
  N:0000H         SYMBOL        XDATALEN
  N:0000H         SYMBOL        XDATASTART
  C:0000H         LINE#         126
  C:0FB5H         LINE#         133
  C:0FB7H         LINE#         134
  C:0FB8H         LINE#         135
  C:0FB9H         LINE#         136
  C:0FBBH         LINE#         185
  C:0FBEH         LINE#         196
  -------         ENDMOD        ?C_STARTUP

  -------         MODULE        DELAY
  C:0000H         SYMBOL        _ICE_DUMMY_
  D:0080H         PUBLIC        P0
  D:0090H         PUBLIC        P1
  D:00A0H         PUBLIC        P2
  D:00B0H         PUBLIC        P3
  D:008FH         PUBLIC        WKCON
  D:00D8H         PUBLIC        PWMCON0
BL51 BANKED LINKER/LOCATER V6.22                                                      10/15/2016  23:15:48  PAGE 7


  D:00A8H         PUBLIC        IE
  D:00B8H         PUBLIC        IP
  C:16B8H         PUBLIC        _Timer0_Delay1ms
  C:1703H         PUBLIC        _Timer1_Delay1ms
  C:14EEH         PUBLIC        _Timer2_Delay1ms
  C:1589H         PUBLIC        _Timer3_Delay1ms
  D:0098H         PUBLIC        SCON
  D:0089H         PUBLIC        TMOD
  D:0088H         PUBLIC        TCON
  C:1185H         PUBLIC        _?Random_Delay
  D:00F8H         PUBLIC        SCON_1
  B:0088H.5       PUBLIC        TF0
  B:0088H.7       PUBLIC        TF1
  B:00C8H.7       PUBLIC        TF2
  D:008CH         PUBLIC        TH0
  D:00C6H         PUBLIC        RH3
  D:008DH         PUBLIC        TH1
  D:00CDH         PUBLIC        TH2
  D:008AH         PUBLIC        TL0
  C:13FAH         PUBLIC        _WakeUp_Timer_Delay25ms
  D:00C5H         PUBLIC        RL3
  D:008BH         PUBLIC        TL1
  C:1622H         PUBLIC        _Timer0_Delay10us
  D:00CCH         PUBLIC        TL2
  C:166DH         PUBLIC        _Timer1_Delay10us
  C:14A0H         PUBLIC        _Timer2_Delay10us
  C:153CH         PUBLIC        _Timer3_Delay10us
  B:0088H.4       PUBLIC        TR0
  B:0088H.6       PUBLIC        TR1
  B:00C8H.2       PUBLIC        TR2
  D:00E8H         PUBLIC        ADCCON0
  D:00C0H         PUBLIC        I2CON
  D:00C9H         PUBLIC        T2MOD
  D:00C8H         PUBLIC        T2CON
  D:00C4H         PUBLIC        T3CON
  D:008EH         PUBLIC        CKCON
  D:0086H         PUBLIC        RWK
  D:00D0H         PUBLIC        PSW
  -------         PROC          _?RANDOM_DELAY
  -------         DO            
  i:0000H         SYMBOL        u32CNT
  i:0004H         SYMBOL        u32Tmp
  -------         ENDDO         
  C:1185H         LINE#         42
  C:118BH         LINE#         46
  C:11A5H         LINE#         47
  C:11A5H         LINE#         48
  C:11C2H         LINE#         49
  C:11DBH         LINE#         50
  -------         ENDPROC       _?RANDOM_DELAY
  -------         PROC          _TIMER0_DELAY10US
  D:0036H         SYMBOL        u32CNT
  C:1622H         LINE#         52
  C:162AH         LINE#         53
  C:162AH         LINE#         54
  C:162DH         LINE#         55
  C:1630H         LINE#         56
BL51 BANKED LINKER/LOCATER V6.22                                                      10/15/2016  23:15:48  PAGE 8


  C:1632H         LINE#         57
  C:1645H         LINE#         58
  C:1645H         LINE#         59
  C:1648H         LINE#         60
  C:164BH         LINE#         61
  C:164EH         LINE#         62
  C:1650H         LINE#         63
  C:1668H         LINE#         64
  C:166AH         LINE#         65
  C:166CH         LINE#         66
  -------         ENDPROC       _TIMER0_DELAY10US
  -------         PROC          _TIMER1_DELAY10US
  D:003AH         SYMBOL        u32CNT
  C:166DH         LINE#         68
  C:1675H         LINE#         69
  C:1675H         LINE#         70
  C:1678H         LINE#         71
  C:167BH         LINE#         72
  C:167DH         LINE#         73
  C:1690H         LINE#         74
  C:1690H         LINE#         75
  C:1693H         LINE#         76
  C:1696H         LINE#         77
  C:1699H         LINE#         78
  C:169BH         LINE#         79
  C:16B3H         LINE#         80
  C:16B5H         LINE#         81
  C:16B7H         LINE#         82
  -------         ENDPROC       _TIMER1_DELAY10US
  -------         PROC          _TIMER2_DELAY10US
  D:003EH         SYMBOL        u32CNT
  C:14A0H         LINE#         84
  C:14A8H         LINE#         85
  C:14A8H         LINE#         87
  C:14ABH         LINE#         88
  C:14AEH         LINE#         89
  C:14B1H         LINE#         90
  C:14B3H         LINE#         91
  C:14C6H         LINE#         92
  C:14C6H         LINE#         93
  C:14C9H         LINE#         94
  C:14CCH         LINE#         95
  C:14CFH         LINE#         96
  C:14D1H         LINE#         97
  C:14E9H         LINE#         98
  C:14EBH         LINE#         99
  C:14EDH         LINE#         100
  -------         ENDPROC       _TIMER2_DELAY10US
  -------         PROC          _TIMER3_DELAY10US
  D:0042H         SYMBOL        u32CNT
  C:153CH         LINE#         102
  C:1544H         LINE#         103
  C:1544H         LINE#         104
  C:1547H         LINE#         105
  C:154AH         LINE#         106
  C:155DH         LINE#         107
  C:155DH         LINE#         108
BL51 BANKED LINKER/LOCATER V6.22                                                      10/15/2016  23:15:48  PAGE 9


  C:1560H         LINE#         109
  C:1563H         LINE#         110
  C:1568H         LINE#         111
  C:156BH         LINE#         112
  C:1583H         LINE#         113
  C:1585H         LINE#         114
  C:1588H         LINE#         115
  -------         ENDPROC       _TIMER3_DELAY10US
  -------         PROC          _TIMER0_DELAY1MS
  D:0046H         SYMBOL        u32CNT
  C:16B8H         LINE#         118
  C:16C0H         LINE#         119
  C:16C0H         LINE#         120
  C:16C3H         LINE#         121
  C:16C6H         LINE#         122
  C:16C8H         LINE#         123
  C:16DBH         LINE#         124
  C:16DBH         LINE#         125
  C:16DEH         LINE#         126
  C:16E1H         LINE#         127
  C:16E4H         LINE#         128
  C:16E6H         LINE#         129
  C:16FEH         LINE#         130
  C:1700H         LINE#         131
  C:1702H         LINE#         132
  -------         ENDPROC       _TIMER0_DELAY1MS
  -------         PROC          _TIMER1_DELAY1MS
  D:004AH         SYMBOL        u32CNT
  C:1703H         LINE#         134
  C:170BH         LINE#         135
  C:170BH         LINE#         136
  C:170EH         LINE#         137
  C:1711H         LINE#         138
  C:1713H         LINE#         139
  C:1726H         LINE#         140
  C:1726H         LINE#         141
  C:1729H         LINE#         142
  C:172CH         LINE#         143
  C:172FH         LINE#         144
  C:1731H         LINE#         145
  C:1749H         LINE#         146
  C:174BH         LINE#         147
  C:174DH         LINE#         148
  -------         ENDPROC       _TIMER1_DELAY1MS
  -------         PROC          _TIMER2_DELAY1MS
  D:004EH         SYMBOL        u32CNT
  C:14EEH         LINE#         150
  C:14F6H         LINE#         151
  C:14F6H         LINE#         153
  C:14F9H         LINE#         154
  C:14FCH         LINE#         155
  C:14FFH         LINE#         156
  C:1501H         LINE#         157
  C:1514H         LINE#         158
  C:1514H         LINE#         159
  C:1517H         LINE#         160
  C:151AH         LINE#         161
BL51 BANKED LINKER/LOCATER V6.22                                                      10/15/2016  23:15:48  PAGE 10


  C:151DH         LINE#         162
  C:151FH         LINE#         163
  C:1537H         LINE#         164
  C:1539H         LINE#         165
  C:153BH         LINE#         166
  -------         ENDPROC       _TIMER2_DELAY1MS
  -------         PROC          _TIMER3_DELAY1MS
  D:0052H         SYMBOL        u32CNT
  C:1589H         LINE#         168
  C:1591H         LINE#         169
  C:1591H         LINE#         170
  C:1594H         LINE#         171
  C:1597H         LINE#         172
  C:15AAH         LINE#         173
  C:15AAH         LINE#         174
  C:15ADH         LINE#         175
  C:15B0H         LINE#         176
  C:15B5H         LINE#         177
  C:15B8H         LINE#         178
  C:15D0H         LINE#         179
  C:15D2H         LINE#         180
  C:15D5H         LINE#         181
  -------         ENDPROC       _TIMER3_DELAY1MS
  -------         PROC          _WAKEUP_TIMER_DELAY25MS
  D:0056H         SYMBOL        u32CNT
  C:13FAH         LINE#         184
  C:1402H         LINE#         185
  C:1402H         LINE#         186
  C:1405H         LINE#         187
  C:1408H         LINE#         188
  C:140BH         LINE#         190
  C:140EH         LINE#         192
  C:1411H         LINE#         193
  C:1414H         LINE#         194
  C:1427H         LINE#         195
  C:1427H         LINE#         196
  C:142CH         LINE#         197
  C:142FH         LINE#         198
  C:1447H         LINE#         199
  C:1449H         LINE#         200
  C:144CH         LINE#         201
  -------         ENDPROC       _WAKEUP_TIMER_DELAY25MS
  -------         ENDMOD        DELAY

  -------         MODULE        SEMAPHORE
  C:0000H         SYMBOL        _ICE_DUMMY_
  D:0080H         PUBLIC        P0
  D:0090H         PUBLIC        P1
  D:00A0H         PUBLIC        P2
  D:00B0H         PUBLIC        P3
  D:00D8H         PUBLIC        PWMCON0
  C:0E77H         PUBLIC        _release_sem
  D:00A8H         PUBLIC        IE
  C:1B80H         PUBLIC        _release_semaphore
  D:00B8H         PUBLIC        IP
  D:0098H         PUBLIC        SCON
  D:0088H         PUBLIC        TCON
BL51 BANKED LINKER/LOCATER V6.22                                                      10/15/2016  23:15:48  PAGE 11


  D:00F8H         PUBLIC        SCON_1
  C:1797H         PUBLIC        _pend_sem
  C:1BC7H         PUBLIC        _pend_semaphore
  D:00E8H         PUBLIC        ADCCON0
  D:00C0H         PUBLIC        I2CON
  D:000EH         PUBLIC        sem_tab
  C:189AH         PUBLIC        _init_semaphore
  D:00C8H         PUBLIC        T2CON
  D:00D0H         PUBLIC        PSW
  -------         PROC          _INIT_SEMAPHORE
  D:0007H         SYMBOL        sem_id
  D:0005H         SYMBOL        max_count
  D:0003H         SYMBOL        count
  C:189AH         LINE#         9
  C:18A1H         LINE#         10
  C:18A1H         LINE#         11
  C:18ABH         LINE#         12
  C:18B5H         LINE#         13
  C:18C1H         LINE#         14
  -------         ENDPROC       _INIT_SEMAPHORE
  -------         PROC          _PEND_SEM
  D:0022H         SYMBOL        sem_id
  C:1797H         LINE#         18
  C:17A0H         LINE#         19
  C:17A0H         LINE#         20
  C:17AEH         LINE#         21
  C:17AEH         LINE#         22
  C:17AFH         LINE#         23
  C:17B3H         LINE#         24
  C:17B3H         LINE#         27
  C:17D5H         LINE#         29
  C:17D7H         LINE#         30
  -------         ENDPROC       _PEND_SEM
  -------         PROC          _PEND_SEMAPHORE
  D:0007H         SYMBOL        sem_id
  C:1BC7H         LINE#         32
  C:1BC7H         LINE#         33
  C:1BC7H         LINE#         34
  C:1BCDH         LINE#         35
  C:1BCDH         LINE#         36
  C:1BDAH         LINE#         37
  C:1BDAH         LINE#         38
  -------         ENDPROC       _PEND_SEMAPHORE
  -------         PROC          _RELEASE_SEM
  D:0005H         SYMBOL        sem_id
  -------         DO            
  D:0004H         SYMBOL        i
  D:0002H         SYMBOL        temp
  -------         ENDDO         
  C:0E77H         LINE#         42
  C:0E80H         LINE#         43
  C:0E80H         LINE#         44
  C:0E81H         LINE#         45
  C:0E84H         LINE#         47
  C:0EA1H         LINE#         48
  C:0EA1H         LINE#         49
  C:0EAAH         LINE#         51
BL51 BANKED LINKER/LOCATER V6.22                                                      10/15/2016  23:15:48  PAGE 12


  C:0EC1H         LINE#         52
  C:0EC1H         LINE#         53
  C:0ECBH         LINE#         54
  C:0ECBH         LINE#         56
  C:0ECFH         LINE#         57
  C:0ECFH         LINE#         59
  C:0ED1H         LINE#         60
  C:0ED1H         LINE#         61
  C:0EEAH         LINE#         62
  C:0EEAH         LINE#         64
  C:0F07H         LINE#         65
  C:0F07H         LINE#         66
  C:0F0BH         LINE#         67
  C:0F0BH         LINE#         68
  C:0F0BH         LINE#         69
  C:0F12H         LINE#         70
  C:0F16H         LINE#         72
  C:0F18H         LINE#         73
  -------         ENDPROC       _RELEASE_SEM
  -------         PROC          _RELEASE_SEMAPHORE
  D:0006H         SYMBOL        sem_id
  -------         DO            
  D:0007H         SYMBOL        task_id
  -------         ENDDO         
  C:1B80H         LINE#         75
  C:1B82H         LINE#         76
  C:1B82H         LINE#         77
  C:1B82H         LINE#         79
  C:1B87H         LINE#         81
  C:1B92H         LINE#         82
  C:1B92H         LINE#         83
  C:1B95H         LINE#         84
  C:1B98H         LINE#         85
  C:1B98H         LINE#         86
  -------         ENDPROC       _RELEASE_SEMAPHORE
  -------         ENDMOD        SEMAPHORE

  -------         MODULE        VERSION
  C:0000H         SYMBOL        _ICE_DUMMY_
  D:0080H         PUBLIC        P0
  D:0090H         PUBLIC        P1
  D:00A0H         PUBLIC        P2
  D:00B0H         PUBLIC        P3
  D:00D8H         PUBLIC        PWMCON0
  D:00A8H         PUBLIC        IE
  D:00B8H         PUBLIC        IP
  D:0098H         PUBLIC        SCON
  D:0088H         PUBLIC        TCON
  D:00F8H         PUBLIC        SCON_1
  C:134CH         PUBLIC        Show_FW_Version_Number_To_PC
  D:00E8H         PUBLIC        ADCCON0
  D:00C0H         PUBLIC        I2CON
  D:00C8H         PUBLIC        T2CON
  D:00D0H         PUBLIC        PSW
  -------         PROC          SHOW_FW_VERSION_NUMBER_TO_PC
  C:134CH         LINE#         26
  C:134CH         LINE#         27
BL51 BANKED LINKER/LOCATER V6.22                                                      10/15/2016  23:15:48  PAGE 13


  C:134CH         LINE#         28
  C:1355H         LINE#         29
  C:135EH         LINE#         30
  C:1367H         LINE#         31
  C:137FH         LINE#         32
  C:139AH         LINE#         33
  -------         ENDPROC       SHOW_FW_VERSION_NUMBER_TO_PC
  -------         ENDMOD        VERSION

  -------         MODULE        ADC
  C:0000H         SYMBOL        _ICE_DUMMY_
  D:00B1H         PUBLIC        P0M1
  D:00B2H         PUBLIC        P0M2
  D:0080H         PUBLIC        P0
  D:00B5H         PUBLIC        P2M1
  D:0090H         PUBLIC        P1
  D:00B6H         PUBLIC        P2M2
  D:00A0H         PUBLIC        P2
  C:1C90H         PUBLIC        _ADC_Vref_Select
  D:00B0H         PUBLIC        P3
  D:00D8H         PUBLIC        PWMCON0
  D:00A8H         PUBLIC        IE
  C:0DC3H         PUBLIC        _ADC_Pin_Select
  D:00B8H         PUBLIC        IP
  D:00F6H         PUBLIC        P0DIDS
  D:0098H         PUBLIC        SCON
  D:0088H         PUBLIC        TCON
  D:00F8H         PUBLIC        SCON_1
  C:1123H         PUBLIC        _ADC_DIV_Select
  D:00E8H         PUBLIC        ADCCON0
  D:00E1H         PUBLIC        ADCCON1
  D:00E2H         PUBLIC        ADCCON2
  D:00C0H         PUBLIC        I2CON
  D:00C8H         PUBLIC        T2CON
  C:1BB1H         PUBLIC        _ADC_Initial
  D:00D0H         PUBLIC        PSW
  -------         PROC          _ADC_VREF_SELECT
  D:0007H         SYMBOL        u8AdcVrefSel
  C:1C90H         LINE#         59
  C:1C90H         LINE#         60
  C:1C90H         LINE#         61
  C:1C93H         LINE#         62
  C:1C93H         LINE#         63
  C:1C96H         LINE#         64
  C:1C97H         LINE#         65
  C:1C9AH         LINE#         66
  C:1C9AH         LINE#         67
  C:1C9DH         LINE#         68
  C:1C9DH         LINE#         69
  -------         ENDPROC       _ADC_VREF_SELECT
  -------         PROC          _ADC_PIN_SELECT
  D:0007H         SYMBOL        u8AdcPinSel
  C:0DC3H         LINE#         73
  C:0DC3H         LINE#         74
  C:0DC3H         LINE#         75
  C:0DF1H         LINE#         76
  C:0DF1H         LINE#         77
BL51 BANKED LINKER/LOCATER V6.22                                                      10/15/2016  23:15:48  PAGE 14


  C:0DF1H         LINE#         78
  C:0DF1H         LINE#         79
  C:0DF4H         LINE#         80
  C:0DF7H         LINE#         81
  C:0DFAH         LINE#         82
  C:0DFDH         LINE#         83
  C:0DFDH         LINE#         84
  C:0DFEH         LINE#         86
  C:0DFEH         LINE#         87
  C:0DFEH         LINE#         88
  C:0E01H         LINE#         89
  C:0E04H         LINE#         90
  C:0E07H         LINE#         91
  C:0E0AH         LINE#         92
  C:0E0AH         LINE#         93
  C:0E0BH         LINE#         95
  C:0E0BH         LINE#         96
  C:0E0BH         LINE#         97
  C:0E0EH         LINE#         98
  C:0E11H         LINE#         99
  C:0E14H         LINE#         100
  C:0E17H         LINE#         101
  C:0E17H         LINE#         102
  C:0E18H         LINE#         104
  C:0E18H         LINE#         105
  C:0E18H         LINE#         106
  C:0E1BH         LINE#         107
  C:0E1EH         LINE#         108
  C:0E21H         LINE#         109
  C:0E24H         LINE#         110
  C:0E24H         LINE#         111
  C:0E25H         LINE#         113
  C:0E25H         LINE#         114
  C:0E25H         LINE#         115
  C:0E28H         LINE#         116
  C:0E2BH         LINE#         117
  C:0E2EH         LINE#         118
  C:0E31H         LINE#         119
  C:0E31H         LINE#         120
  C:0E32H         LINE#         122
  C:0E32H         LINE#         123
  C:0E32H         LINE#         124
  C:0E35H         LINE#         125
  C:0E38H         LINE#         126
  C:0E3BH         LINE#         127
  C:0E3EH         LINE#         128
  C:0E3EH         LINE#         129
  C:0E3FH         LINE#         131
  C:0E3FH         LINE#         132
  C:0E3FH         LINE#         133
  C:0E42H         LINE#         134
  C:0E45H         LINE#         135
  C:0E48H         LINE#         136
  C:0E4BH         LINE#         137
  C:0E4BH         LINE#         138
  C:0E4CH         LINE#         140
  C:0E4CH         LINE#         141
BL51 BANKED LINKER/LOCATER V6.22                                                      10/15/2016  23:15:48  PAGE 15


  C:0E4CH         LINE#         142
  C:0E4FH         LINE#         143
  C:0E52H         LINE#         144
  C:0E55H         LINE#         145
  C:0E58H         LINE#         146
  C:0E58H         LINE#         147
  C:0E59H         LINE#         149
  C:0E59H         LINE#         150
  C:0E59H         LINE#         151
  C:0E5CH         LINE#         152
  C:0E5FH         LINE#         153
  C:0E62H         LINE#         154
  C:0E65H         LINE#         155
  C:0E65H         LINE#         156
  C:0E66H         LINE#         158
  C:0E66H         LINE#         159
  C:0E66H         LINE#         160
  C:0E69H         LINE#         161
  C:0E6CH         LINE#         162
  C:0E6FH         LINE#         163
  C:0E72H         LINE#         164
  C:0E72H         LINE#         165
  C:0E73H         LINE#         167
  C:0E73H         LINE#         168
  C:0E76H         LINE#         169
  C:0E76H         LINE#         170
  C:0E76H         LINE#         171
  -------         ENDPROC       _ADC_PIN_SELECT
  -------         PROC          _ADC_DIV_SELECT
  D:0007H         SYMBOL        u8Adc_Div_Sel
  C:1123H         LINE#         175
  C:1123H         LINE#         176
  C:1123H         LINE#         177
  C:114BH         LINE#         178
  C:114BH         LINE#         179
  C:114BH         LINE#         180
  C:114BH         LINE#         181
  C:114EH         LINE#         182
  C:114EH         LINE#         183
  C:114EH         LINE#         184
  C:114EH         LINE#         185
  C:1150H         LINE#         187
  C:1150H         LINE#         188
  C:1150H         LINE#         189
  C:1150H         LINE#         190
  C:1150H         LINE#         191
  C:1150H         LINE#         192
  C:1150H         LINE#         193
  C:1152H         LINE#         195
  C:1152H         LINE#         196
  C:1152H         LINE#         197
  C:1155H         LINE#         198
  C:1155H         LINE#         199
  C:1155H         LINE#         200
  C:1155H         LINE#         201
  C:1157H         LINE#         203
  C:1157H         LINE#         204
BL51 BANKED LINKER/LOCATER V6.22                                                      10/15/2016  23:15:48  PAGE 16


  C:1157H         LINE#         205
  C:115AH         LINE#         206
  C:115AH         LINE#         207
  C:115AH         LINE#         208
  C:115AH         LINE#         209
  C:115CH         LINE#         211
  C:115FH         LINE#         214
  C:115FH         LINE#         215
  C:115FH         LINE#         216
  C:115FH         LINE#         217
  C:1161H         LINE#         219
  C:1161H         LINE#         220
  C:1161H         LINE#         221
  C:1164H         LINE#         222
  C:1167H         LINE#         223
  C:1167H         LINE#         224
  C:1167H         LINE#         225
  C:1169H         LINE#         227
  C:1169H         LINE#         228
  C:1169H         LINE#         229
  C:116CH         LINE#         230
  C:116FH         LINE#         231
  C:116FH         LINE#         232
  C:116FH         LINE#         233
  C:1171H         LINE#         235
  C:1171H         LINE#         236
  C:1171H         LINE#         237
  C:1174H         LINE#         238
  C:1177H         LINE#         239
  C:117AH         LINE#         240
  C:117AH         LINE#         241
  C:117BH         LINE#         243
  C:117BH         LINE#         244
  C:117BH         LINE#         245
  C:117EH         LINE#         246
  C:1181H         LINE#         247
  C:1184H         LINE#         248
  C:1184H         LINE#         249
  C:1184H         LINE#         251
  C:1184H         LINE#         252
  C:1184H         LINE#         253
  C:1184H         LINE#         254
  -------         ENDPROC       _ADC_DIV_SELECT
  -------         PROC          _ADC_INITIAL
  D:0006H         SYMBOL        u8AdcVrefSel
  D:0005H         SYMBOL        u8AdcPinSel
  D:0004H         SYMBOL        u8Adc_Div_Sel
  C:1BB1H         LINE#         259
  C:1BB5H         LINE#         260
  C:1BB5H         LINE#         261
  C:1BB8H         LINE#         262
  C:1BBDH         LINE#         263
  C:1BC2H         LINE#         264
  -------         ENDPROC       _ADC_INITIAL
  -------         ENDMOD        ADC

  -------         MODULE        CLOCK
BL51 BANKED LINKER/LOCATER V6.22                                                      10/15/2016  23:15:48  PAGE 17


  C:0000H         SYMBOL        _ICE_DUMMY_
  D:0080H         PUBLIC        P0
  D:00B4H         PUBLIC        P1M2
  D:0090H         PUBLIC        P1
  D:00A0H         PUBLIC        P2
  D:00B0H         PUBLIC        P3
  B:00A8H.7       PUBLIC        EA
  D:00D8H         PUBLIC        PWMCON0
  D:00A8H         PUBLIC        IE
  D:0096H         PUBLIC        CKSWT
  C:1B66H         PUBLIC        SW_Reset
  D:00C7H         PUBLIC        TA
  D:00B8H         PUBLIC        IP
  C:0ACFH         PUBLIC        _System_Clock_Select
  D:0097H         PUBLIC        CKEN
  C:1D0FH         PUBLIC        Fsys_Clock_Output_On_P26
  D:0098H         PUBLIC        SCON
  D:0088H         PUBLIC        TCON
  D:009FH         PUBLIC        CHPCON
  D:00F8H         PUBLIC        SCON_1
  D:00E8H         PUBLIC        ADCCON0
  D:00C0H         PUBLIC        I2CON
  D:00C8H         PUBLIC        T2CON
  D:00D0H         PUBLIC        PSW
  -------         PROC          _SYSTEM_CLOCK_SELECT
  D:0007H         SYMBOL        clock
  C:0ACFH         LINE#         19
  C:0ACFH         LINE#         20
  C:0ACFH         LINE#         21
  C:0AE9H         LINE#         22
  C:0AE9H         LINE#         23
  C:0AE9H         LINE#         24
  C:0AE9H         LINE#         26
  C:0AFCH         LINE#         27
  C:0B0FH         LINE#         30
  C:0B14H         LINE#         33
  C:0B14H         LINE#         34
  C:0B14H         LINE#         35
  C:0B14H         LINE#         36
  C:0B16H         LINE#         38
  C:0B16H         LINE#         39
  C:0B16H         LINE#         41
  C:0B29H         LINE#         42
  C:0B3CH         LINE#         45
  C:0B41H         LINE#         48
  C:0B41H         LINE#         49
  C:0B41H         LINE#         50
  C:0B41H         LINE#         51
  C:0B43H         LINE#         53
  C:0B43H         LINE#         54
  C:0B43H         LINE#         56
  C:0B56H         LINE#         57
  C:0B69H         LINE#         60
  C:0B6EH         LINE#         63
  C:0B81H         LINE#         64
  C:0B90H         LINE#         65
  C:0B90H         LINE#         66
BL51 BANKED LINKER/LOCATER V6.22                                                      10/15/2016  23:15:48  PAGE 18


  C:0B92H         LINE#         68
  C:0B92H         LINE#         69
  C:0B92H         LINE#         71
  C:0BA5H         LINE#         74
  C:0BAAH         LINE#         77
  C:0BBDH         LINE#         78
  C:0BCCH         LINE#         79
  C:0BCCH         LINE#         80
  C:0BCEH         LINE#         82
  C:0BCEH         LINE#         83
  C:0BCEH         LINE#         85
  C:0BE1H         LINE#         88
  C:0BE6H         LINE#         91
  C:0BF9H         LINE#         92
  C:0C0CH         LINE#         93
  C:0C0CH         LINE#         94
  C:0C0CH         LINE#         95
  C:0C0CH         LINE#         98
  C:0C11H         LINE#         99
  -------         ENDPROC       _SYSTEM_CLOCK_SELECT
  -------         PROC          SW_RESET
  C:1B66H         LINE#         102
  C:1B66H         LINE#         103
  C:1B66H         LINE#         104
  C:1B69H         LINE#         105
  C:1B6CH         LINE#         106
  C:1B7FH         LINE#         107
  -------         ENDPROC       SW_RESET
  -------         PROC          FSYS_CLOCK_OUTPUT_ON_P26
  C:1D0FH         LINE#         109
  C:1D0FH         LINE#         110
  C:1D0FH         LINE#         111
  C:1D12H         LINE#         112
  -------         ENDPROC       FSYS_CLOCK_OUTPUT_ON_P26
  -------         ENDMOD        CLOCK

  -------         MODULE        GPIO
  C:0000H         SYMBOL        _ICE_DUMMY_
  D:00B1H         PUBLIC        P0M1
  D:00B3H         PUBLIC        P1M1
  D:00B2H         PUBLIC        P0M2
  D:0080H         PUBLIC        P0
  D:00B5H         PUBLIC        P2M1
  D:00B4H         PUBLIC        P1M2
  D:0090H         PUBLIC        P1
  D:00B6H         PUBLIC        P2M2
  D:00ACH         PUBLIC        P3M1
  D:00A0H         PUBLIC        P2
  D:00B0H         PUBLIC        P3
  D:00ADH         PUBLIC        P3M2
  D:00D8H         PUBLIC        PWMCON0
  C:1C01H         PUBLIC        Set_All_GPIO_Quasi_Mode
  D:00A8H         PUBLIC        IE
  D:00B8H         PUBLIC        IP
  D:0098H         PUBLIC        SCON
  D:0088H         PUBLIC        TCON
  D:00F8H         PUBLIC        SCON_1
BL51 BANKED LINKER/LOCATER V6.22                                                      10/15/2016  23:15:48  PAGE 19


  D:00E8H         PUBLIC        ADCCON0
  D:00C0H         PUBLIC        I2CON
  C:19EDH         PUBLIC        _Set_Port0_GPIO_Mode
  C:1A14H         PUBLIC        _Set_Port1_GPIO_Mode
  C:199CH         PUBLIC        _Set_Port2_GPIO_Mode
  C:1A3BH         PUBLIC        _Set_Port3_GPIO_Mode
  D:00C8H         PUBLIC        T2CON
  D:00D0H         PUBLIC        PSW
  -------         PROC          _SET_PORT0_GPIO_MODE
  D:0007H         SYMBOL        GpioMode
  C:19EDH         LINE#         60
  C:19EDH         LINE#         61
  C:19EDH         LINE#         62
  C:19FBH         LINE#         63
  C:19FBH         LINE#         64
  C:19FBH         LINE#         65
  C:19FBH         LINE#         66
  C:19FEH         LINE#         67
  C:1A00H         LINE#         68
  C:1A00H         LINE#         69
  C:1A01H         LINE#         71
  C:1A01H         LINE#         72
  C:1A01H         LINE#         73
  C:1A04H         LINE#         74
  C:1A04H         LINE#         75
  C:1A04H         LINE#         76
  C:1A06H         LINE#         78
  C:1A06H         LINE#         79
  C:1A06H         LINE#         80
  C:1A09H         LINE#         81
  C:1A0CH         LINE#         82
  C:1A0CH         LINE#         83
  C:1A0DH         LINE#         85
  C:1A0DH         LINE#         86
  C:1A0DH         LINE#         87
  C:1A10H         LINE#         88
  C:1A13H         LINE#         89
  C:1A13H         LINE#         90
  C:1A13H         LINE#         91
  C:1A13H         LINE#         92
  -------         ENDPROC       _SET_PORT0_GPIO_MODE
  -------         PROC          _SET_PORT1_GPIO_MODE
  D:0007H         SYMBOL        GpioMode
  C:1A14H         LINE#         94
  C:1A14H         LINE#         95
  C:1A14H         LINE#         96
  C:1A22H         LINE#         97
  C:1A22H         LINE#         98
  C:1A22H         LINE#         99
  C:1A22H         LINE#         100
  C:1A25H         LINE#         101
  C:1A27H         LINE#         102
  C:1A27H         LINE#         103
  C:1A28H         LINE#         105
  C:1A28H         LINE#         106
  C:1A28H         LINE#         107
  C:1A2BH         LINE#         108
BL51 BANKED LINKER/LOCATER V6.22                                                      10/15/2016  23:15:48  PAGE 20


  C:1A2BH         LINE#         109
  C:1A2BH         LINE#         110
  C:1A2DH         LINE#         112
  C:1A2DH         LINE#         113
  C:1A2DH         LINE#         114
  C:1A30H         LINE#         115
  C:1A33H         LINE#         116
  C:1A33H         LINE#         117
  C:1A34H         LINE#         119
  C:1A34H         LINE#         120
  C:1A34H         LINE#         121
  C:1A37H         LINE#         122
  C:1A3AH         LINE#         123
  C:1A3AH         LINE#         124
  C:1A3AH         LINE#         125
  C:1A3AH         LINE#         126
  -------         ENDPROC       _SET_PORT1_GPIO_MODE
  -------         PROC          _SET_PORT2_GPIO_MODE
  D:0007H         SYMBOL        GpioMode
  C:199CH         LINE#         128
  C:199CH         LINE#         129
  C:199CH         LINE#         130
  C:19AAH         LINE#         131
  C:19AAH         LINE#         132
  C:19AAH         LINE#         133
  C:19AAH         LINE#         134
  C:19ADH         LINE#         135
  C:19AFH         LINE#         136
  C:19AFH         LINE#         137
  C:19B0H         LINE#         139
  C:19B0H         LINE#         140
  C:19B0H         LINE#         141
  C:19B3H         LINE#         142
  C:19B6H         LINE#         143
  C:19B6H         LINE#         144
  C:19B7H         LINE#         146
  C:19B7H         LINE#         147
  C:19B7H         LINE#         148
  C:19BAH         LINE#         149
  C:19BDH         LINE#         150
  C:19BDH         LINE#         151
  C:19BEH         LINE#         153
  C:19BEH         LINE#         154
  C:19BEH         LINE#         155
  C:19C1H         LINE#         156
  C:19C4H         LINE#         157
  C:19C4H         LINE#         158
  C:19C4H         LINE#         159
  C:19C4H         LINE#         160
  -------         ENDPROC       _SET_PORT2_GPIO_MODE
  -------         PROC          _SET_PORT3_GPIO_MODE
  D:0007H         SYMBOL        GpioMode
  C:1A3BH         LINE#         162
  C:1A3BH         LINE#         163
  C:1A3BH         LINE#         164
  C:1A49H         LINE#         165
  C:1A49H         LINE#         166
BL51 BANKED LINKER/LOCATER V6.22                                                      10/15/2016  23:15:48  PAGE 21


  C:1A49H         LINE#         167
  C:1A49H         LINE#         168
  C:1A4CH         LINE#         169
  C:1A4EH         LINE#         170
  C:1A4EH         LINE#         171
  C:1A4FH         LINE#         173
  C:1A4FH         LINE#         174
  C:1A4FH         LINE#         175
  C:1A52H         LINE#         176
  C:1A52H         LINE#         177
  C:1A52H         LINE#         178
  C:1A54H         LINE#         180
  C:1A54H         LINE#         181
  C:1A54H         LINE#         182
  C:1A57H         LINE#         183
  C:1A5AH         LINE#         184
  C:1A5AH         LINE#         185
  C:1A5BH         LINE#         187
  C:1A5BH         LINE#         188
  C:1A5BH         LINE#         189
  C:1A5EH         LINE#         190
  C:1A61H         LINE#         191
  C:1A61H         LINE#         192
  C:1A61H         LINE#         193
  C:1A61H         LINE#         194
  -------         ENDPROC       _SET_PORT3_GPIO_MODE
  -------         PROC          SET_ALL_GPIO_QUASI_MODE
  C:1C01H         LINE#         196
  C:1C01H         LINE#         197
  C:1C01H         LINE#         198
  C:1C04H         LINE#         199
  C:1C06H         LINE#         200
  C:1C08H         LINE#         201
  C:1C0AH         LINE#         202
  C:1C0CH         LINE#         203
  C:1C0EH         LINE#         204
  C:1C10H         LINE#         205
  C:1C12H         LINE#         206
  -------         ENDPROC       SET_ALL_GPIO_QUASI_MODE
  -------         ENDMOD        GPIO

  -------         MODULE        SERIAL
  C:0000H         SYMBOL        _ICE_DUMMY_
  D:0080H         PUBLIC        P0
  D:0090H         PUBLIC        P1
  D:00A0H         PUBLIC        P2
  D:00B0H         PUBLIC        P3
  D:00D8H         PUBLIC        PWMCON0
  C:19C5H         PUBLIC        _InitialUART0_Timer1_Type1
  C:191EH         PUBLIC        _InitialUART0_Timer1_Type2
  C:1948H         PUBLIC        _InitialUART0_Timer1_Type3
  C:1972H         PUBLIC        _InitialUART0_Timer1_Type4
  D:00A8H         PUBLIC        IE
  C:129AH         PUBLIC        _InitialUART0_Timer3_Type5
  C:12F3H         PUBLIC        _InitialUART0_Timer3_Type6
  D:00B8H         PUBLIC        IP
  B:0098H.0       PUBLIC        RI
BL51 BANKED LINKER/LOCATER V6.22                                                      10/15/2016  23:15:48  PAGE 22


  B:0098H.1       PUBLIC        TI
  B:00F8H.0       PUBLIC        RI_1
  B:00F8H.1       PUBLIC        TI_1
  D:0099H         PUBLIC        SBUF
  D:0087H         PUBLIC        PCON
  D:0098H         PUBLIC        SCON
  D:0089H         PUBLIC        TMOD
  D:0088H         PUBLIC        TCON
  D:009AH         PUBLIC        SBUF_1
  D:00F8H         PUBLIC        SCON_1
  D:00C6H         PUBLIC        RH3
  D:008DH         PUBLIC        TH1
  D:00C5H         PUBLIC        RL3
  C:144DH         PUBLIC        _InitialUART1_Timer3
  B:0088H.6       PUBLIC        TR1
  C:1BDBH         PUBLIC        _Send_String_To_UART0
  D:00E8H         PUBLIC        ADCCON0
  C:1BEEH         PUBLIC        _Send_String_To_UART1
  C:1CEBH         PUBLIC        _Send_Data_To_UART0
  C:1CFBH         PUBLIC        _Send_Data_To_UART1
  D:00C0H         PUBLIC        I2CON
  D:00C8H         PUBLIC        T2CON
  D:00C4H         PUBLIC        T3CON
  C:0003H         PUBLIC        Receive_Data_From_UART0
  C:1CF3H         PUBLIC        Receive_Data_From_UART1
  D:008EH         PUBLIC        CKCON
  D:00D0H         PUBLIC        PSW
  -------         PROC          _INITIALUART0_TIMER1_TYPE1
  D:0004H         SYMBOL        u32Baudrate
  C:19C5H         LINE#         19
  C:19C5H         LINE#         20
  C:19C5H         LINE#         21
  C:19C8H         LINE#         22
  C:19CBH         LINE#         24
  C:19CEH         LINE#         25
  C:19D1H         LINE#         26
  C:19D4H         LINE#         38
  C:19EAH         LINE#         41
  C:19ECH         LINE#         42
  -------         ENDPROC       _INITIALUART0_TIMER1_TYPE1
  -------         PROC          _INITIALUART0_TIMER1_TYPE2
  D:0004H         SYMBOL        u32Baudrate
  C:191EH         LINE#         47
  C:191EH         LINE#         48
  C:191EH         LINE#         49
  C:1921H         LINE#         50
  C:1924H         LINE#         52
  C:1927H         LINE#         53
  C:192AH         LINE#         54
  C:192DH         LINE#         66
  C:1945H         LINE#         69
  C:1947H         LINE#         70
  -------         ENDPROC       _INITIALUART0_TIMER1_TYPE2
  -------         PROC          _INITIALUART0_TIMER1_TYPE3
  D:0004H         SYMBOL        u32Baudrate
  C:1948H         LINE#         75
  C:1948H         LINE#         76
BL51 BANKED LINKER/LOCATER V6.22                                                      10/15/2016  23:15:48  PAGE 23


  C:1948H         LINE#         77
  C:194BH         LINE#         78
  C:194EH         LINE#         80
  C:1951H         LINE#         81
  C:1954H         LINE#         82
  C:1957H         LINE#         94
  C:196FH         LINE#         97
  C:1971H         LINE#         98
  -------         ENDPROC       _INITIALUART0_TIMER1_TYPE3
  -------         PROC          _INITIALUART0_TIMER1_TYPE4
  D:0004H         SYMBOL        u32Baudrate
  C:1972H         LINE#         103
  C:1972H         LINE#         104
  C:1972H         LINE#         105
  C:1975H         LINE#         106
  C:1978H         LINE#         108
  C:197BH         LINE#         109
  C:197EH         LINE#         110
  C:1981H         LINE#         122
  C:1999H         LINE#         125
  C:199BH         LINE#         126
  -------         ENDPROC       _INITIALUART0_TIMER1_TYPE4
  -------         PROC          _INITIALUART0_TIMER3_TYPE5
  D:005AH         SYMBOL        u32Baudrate
  C:129AH         LINE#         128
  C:12A2H         LINE#         129
  C:12A2H         LINE#         130
  C:12A5H         LINE#         131
  C:12A8H         LINE#         132
  C:12ABH         LINE#         133
  C:12AEH         LINE#         148
  C:12D6H         LINE#         149
  C:12EFH         LINE#         152
  C:12F2H         LINE#         153
  -------         ENDPROC       _INITIALUART0_TIMER3_TYPE5
  -------         PROC          _INITIALUART0_TIMER3_TYPE6
  D:005EH         SYMBOL        u32Baudrate
  C:12F3H         LINE#         155
  C:12FBH         LINE#         156
  C:12FBH         LINE#         157
  C:12FEH         LINE#         158
  C:1301H         LINE#         159
  C:1304H         LINE#         160
  C:1307H         LINE#         175
  C:132FH         LINE#         176
  C:1348H         LINE#         179
  C:134BH         LINE#         180
  -------         ENDPROC       _INITIALUART0_TIMER3_TYPE6
  -------         PROC          _INITIALUART1_TIMER3
  D:0062H         SYMBOL        u32Baudrate
  C:144DH         LINE#         182
  C:1455H         LINE#         183
  C:1455H         LINE#         184
  C:1458H         LINE#         185
  C:145BH         LINE#         200
  C:1483H         LINE#         201
  C:149CH         LINE#         204
BL51 BANKED LINKER/LOCATER V6.22                                                      10/15/2016  23:15:48  PAGE 24


  C:149FH         LINE#         205
  -------         ENDPROC       _INITIALUART1_TIMER3
  -------         PROC          RECEIVE_DATA_FROM_UART0
  -------         DO            
  D:0007H         SYMBOL        c
  -------         ENDDO         
  C:0003H         LINE#         217
  C:0003H         LINE#         218
  C:0003H         LINE#         221
  C:0006H         LINE#         222
  C:0008H         LINE#         223
  C:000AH         LINE#         224
  C:000AH         LINE#         225
  -------         ENDPROC       RECEIVE_DATA_FROM_UART0
  -------         PROC          _SEND_DATA_TO_UART0
  D:0007H         SYMBOL        c
  C:1CEBH         LINE#         237
  C:1CEBH         LINE#         238
  C:1CEBH         LINE#         239
  C:1CEDH         LINE#         240
  C:1CEFH         LINE#         241
  C:1CF2H         LINE#         242
  -------         ENDPROC       _SEND_DATA_TO_UART0
  -------         PROC          _SEND_STRING_TO_UART0
  D:0001H         SYMBOL        str
  C:1BDBH         LINE#         254
  C:1BDBH         LINE#         255
  C:1BDBH         LINE#         256
  C:1BE1H         LINE#         257
  C:1BE1H         LINE#         258
  C:1BE4H         LINE#         259
  C:1BEBH         LINE#         260
  C:1BEDH         LINE#         261
  -------         ENDPROC       _SEND_STRING_TO_UART0
  -------         PROC          RECEIVE_DATA_FROM_UART1
  -------         DO            
  D:0007H         SYMBOL        c
  -------         ENDDO         
  C:1CF3H         LINE#         273
  C:1CF3H         LINE#         274
  C:1CF3H         LINE#         277
  C:1CF6H         LINE#         278
  C:1CF8H         LINE#         279
  C:1CFAH         LINE#         280
  C:1CFAH         LINE#         281
  -------         ENDPROC       RECEIVE_DATA_FROM_UART1
  -------         PROC          _SEND_DATA_TO_UART1
  D:0007H         SYMBOL        c
  C:1CFBH         LINE#         293
  C:1CFBH         LINE#         294
  C:1CFBH         LINE#         295
  C:1CFDH         LINE#         296
  C:1CFFH         LINE#         297
  C:1D02H         LINE#         298
  -------         ENDPROC       _SEND_DATA_TO_UART1
  -------         PROC          _SEND_STRING_TO_UART1
  D:0001H         SYMBOL        str
BL51 BANKED LINKER/LOCATER V6.22                                                      10/15/2016  23:15:48  PAGE 25


  C:1BEEH         LINE#         310
  C:1BEEH         LINE#         311
  C:1BEEH         LINE#         312
  C:1BF4H         LINE#         313
  C:1BF4H         LINE#         314
  C:1BF7H         LINE#         315
  C:1BFEH         LINE#         316
  C:1C00H         LINE#         317
  -------         ENDPROC       _SEND_STRING_TO_UART1
  -------         ENDMOD        SERIAL

  -------         MODULE        PWM
  C:0000H         SYMBOL        _ICE_DUMMY_
  D:0080H         PUBLIC        P0
  D:0090H         PUBLIC        P1
  B:00D8H.0       PUBLIC        INTSEL0
  D:00A0H         PUBLIC        P2
  B:00D8H.1       PUBLIC        INTSEL1
  D:00B0H         PUBLIC        P3
  C:1B99H         PUBLIC        _PWM_Brake_Control
  B:00A8H.7       PUBLIC        EA
  D:00D8H         PUBLIC        PWMCON0
  D:00DFH         PUBLIC        PWMCON1
  C:1C9EH         PUBLIC        _PWM_Clock_Select
  D:00A8H         PUBLIC        IE
  D:00C7H         PUBLIC        TA
  D:00B8H         PUBLIC        IP
  B:00D8H.2       PUBLIC        INTTYP0
  B:00D8H.3       PUBLIC        INTTYP1
  C:1C81H         PUBLIC        _PWM_Brake_Interrupt_Enable
  C:1AACH         PUBLIC        _PWM_Interrupt_Pair_Sel
  C:1A89H         PUBLIC        _PWM_Mode_Select
  D:00FBH         PUBLIC        PMEN
  C:1ACEH         PUBLIC        _PWM_Interrupt_Type_Sel
  D:0098H         PUBLIC        SCON
  D:0089H         PUBLIC        TMOD
  D:0088H         PUBLIC        TCON
  C:1CCCH         PUBLIC        _PWM_Type_Select
  C:174EH         PUBLIC        _PWM_Pin_Select
  D:00F8H         PUBLIC        SCON_1
  D:00D7H         PUBLIC        FBD
  C:1CD7H         PUBLIC        _PWM_Group_Mode
  D:008DH         PUBLIC        TH1
  D:00FAH         PUBLIC        PDTCNT
  D:008BH         PUBLIC        TL1
  D:009BH         PUBLIC        EIE
  C:1C72H         PUBLIC        _PWM_Interrupt_Enable
  B:0088H.6       PUBLIC        TR1
  D:00E8H         PUBLIC        ADCCON0
  D:00C0H         PUBLIC        I2CON
  C:18F2H         PUBLIC        _PWM_Brake_Pin_Disable
  D:00FCH         PUBLIC        PMD
  D:00C8H         PUBLIC        T2CON
  C:1CB6H         PUBLIC        _PWM_Brake_Enable
  D:00DEH         PUBLIC        PIO
  C:1C63H         PUBLIC        Trigger_Timer1
  D:00D6H         PUBLIC        PNP
BL51 BANKED LINKER/LOCATER V6.22                                                      10/15/2016  23:15:48  PAGE 26


  D:008EH         PUBLIC        CKCON
  C:18C6H         PUBLIC        _PWM_Brake_Pin_Enable
  C:0F1DH         PUBLIC        _PWM_Mask_Pin_Sel
  C:1041H         PUBLIC        _PWM_Polarity_Select
  D:00D0H         PUBLIC        PSW
  C:1CC1H         PUBLIC        _PWM_Brake_Edge_Mode
  D:00F9H         PUBLIC        PDTEN
  C:11E2H         PUBLIC        _PWM_DIV_Select
  C:10BEH         PUBLIC        _PWM_Dead_Time_Control
  -------         PROC          _PWM_BRAKE_ENABLE
  D:0007H         SYMBOL        Enable
  C:1CB6H         LINE#         117
  C:1CB6H         LINE#         118
  C:1CB6H         LINE#         119
  C:1CB9H         LINE#         120
  C:1CB9H         LINE#         121
  C:1CBCH         LINE#         122
  C:1CBDH         LINE#         124
  C:1CBDH         LINE#         125
  C:1CC0H         LINE#         126
  C:1CC0H         LINE#         127
  -------         ENDPROC       _PWM_BRAKE_ENABLE
  -------         PROC          _PWM_BRAKE_EDGE_MODE
  D:0007H         SYMBOL        EdgeMode
  C:1CC1H         LINE#         132
  C:1CC1H         LINE#         133
  C:1CC1H         LINE#         134
  C:1CC4H         LINE#         135
  C:1CC4H         LINE#         136
  C:1CC7H         LINE#         137
  C:1CC8H         LINE#         139
  C:1CC8H         LINE#         140
  C:1CCBH         LINE#         141
  C:1CCBH         LINE#         142
  -------         ENDPROC       _PWM_BRAKE_EDGE_MODE
  -------         PROC          _PWM_BRAKE_PIN_ENABLE
  D:0007H         SYMBOL        PwmBrakePinSel
  C:18C6H         LINE#         147
  C:18C6H         LINE#         148
  C:18C6H         LINE#         149
  C:18DAH         LINE#         150
  C:18DAH         LINE#         151
  C:18DAH         LINE#         152
  C:18DDH         LINE#         153
  C:18DEH         LINE#         155
  C:18DEH         LINE#         156
  C:18E1H         LINE#         157
  C:18E2H         LINE#         159
  C:18E2H         LINE#         160
  C:18E5H         LINE#         161
  C:18E6H         LINE#         163
  C:18E6H         LINE#         164
  C:18E9H         LINE#         165
  C:18EAH         LINE#         167
  C:18EAH         LINE#         168
  C:18EDH         LINE#         169
  C:18EEH         LINE#         171
BL51 BANKED LINKER/LOCATER V6.22                                                      10/15/2016  23:15:48  PAGE 27


  C:18EEH         LINE#         172
  C:18F1H         LINE#         173
  C:18F1H         LINE#         175
  C:18F1H         LINE#         176
  C:18F1H         LINE#         177
  C:18F1H         LINE#         178
  -------         ENDPROC       _PWM_BRAKE_PIN_ENABLE
  -------         PROC          _PWM_BRAKE_PIN_DISABLE
  D:0007H         SYMBOL        PwmBrakePinSel
  C:18F2H         LINE#         183
  C:18F2H         LINE#         184
  C:18F2H         LINE#         185
  C:1906H         LINE#         186
  C:1906H         LINE#         187
  C:1906H         LINE#         188
  C:1909H         LINE#         189
  C:190AH         LINE#         191
  C:190AH         LINE#         192
  C:190DH         LINE#         193
  C:190EH         LINE#         195
  C:190EH         LINE#         196
  C:1911H         LINE#         197
  C:1912H         LINE#         199
  C:1912H         LINE#         200
  C:1915H         LINE#         201
  C:1916H         LINE#         203
  C:1916H         LINE#         204
  C:1919H         LINE#         205
  C:191AH         LINE#         207
  C:191AH         LINE#         208
  C:191DH         LINE#         209
  C:191DH         LINE#         211
  C:191DH         LINE#         212
  C:191DH         LINE#         213
  C:191DH         LINE#         214
  -------         ENDPROC       _PWM_BRAKE_PIN_DISABLE
  -------         PROC          _PWM_BRAKE_CONTROL
  D:0006H         SYMBOL        Enable
  D:0005H         SYMBOL        EdgeMode
  D:0004H         SYMBOL        PwmBrakePinSel
  C:1B99H         LINE#         219
  C:1B9DH         LINE#         222
  C:1B9DH         LINE#         223
  C:1BA0H         LINE#         224
  C:1BA5H         LINE#         226
  C:1BAAH         LINE#         227
  C:1BAAH         LINE#         228
  C:1BADH         LINE#         229
  C:1BADH         LINE#         231
  C:1BADH         LINE#         232
  C:1BB0H         LINE#         233
  C:1BB0H         LINE#         234
  -------         ENDPROC       _PWM_BRAKE_CONTROL
  -------         PROC          _PWM_INTERRUPT_PAIR_SEL
  D:0007H         SYMBOL        PwmPinSel
  C:1AACH         LINE#         238
  C:1AACH         LINE#         239
BL51 BANKED LINKER/LOCATER V6.22                                                      10/15/2016  23:15:48  PAGE 28


  C:1AACH         LINE#         240
  C:1ABAH         LINE#         241
  C:1ABAH         LINE#         242
  C:1ABAH         LINE#         243
  C:1ABAH         LINE#         244
  C:1ABCH         LINE#         245
  C:1ABEH         LINE#         246
  C:1ABEH         LINE#         247
  C:1ABFH         LINE#         249
  C:1ABFH         LINE#         250
  C:1ABFH         LINE#         251
  C:1AC1H         LINE#         252
  C:1AC3H         LINE#         253
  C:1AC3H         LINE#         254
  C:1AC4H         LINE#         256
  C:1AC4H         LINE#         257
  C:1AC4H         LINE#         258
  C:1AC6H         LINE#         259
  C:1AC8H         LINE#         260
  C:1AC8H         LINE#         261
  C:1AC9H         LINE#         263
  C:1AC9H         LINE#         264
  C:1AC9H         LINE#         265
  C:1ACBH         LINE#         266
  C:1ACDH         LINE#         267
  C:1ACDH         LINE#         268
  C:1ACDH         LINE#         270
  C:1ACDH         LINE#         271
  C:1ACDH         LINE#         272
  C:1ACDH         LINE#         273
  -------         ENDPROC       _PWM_INTERRUPT_PAIR_SEL
  -------         PROC          _PWM_INTERRUPT_TYPE_SEL
  D:0007H         SYMBOL        PwmPinType
  C:1ACEH         LINE#         277
  C:1ACEH         LINE#         278
  C:1ACEH         LINE#         279
  C:1ADCH         LINE#         280
  C:1ADCH         LINE#         281
  C:1ADCH         LINE#         282
  C:1ADCH         LINE#         283
  C:1ADEH         LINE#         284
  C:1AE0H         LINE#         285
  C:1AE0H         LINE#         286
  C:1AE1H         LINE#         288
  C:1AE1H         LINE#         289
  C:1AE1H         LINE#         290
  C:1AE3H         LINE#         291
  C:1AE5H         LINE#         292
  C:1AE5H         LINE#         293
  C:1AE6H         LINE#         295
  C:1AE6H         LINE#         296
  C:1AE6H         LINE#         297
  C:1AE8H         LINE#         298
  C:1AEAH         LINE#         299
  C:1AEAH         LINE#         300
  C:1AEBH         LINE#         302
  C:1AEBH         LINE#         303
BL51 BANKED LINKER/LOCATER V6.22                                                      10/15/2016  23:15:48  PAGE 29


  C:1AEBH         LINE#         304
  C:1AEDH         LINE#         305
  C:1AEFH         LINE#         306
  C:1AEFH         LINE#         307
  C:1AEFH         LINE#         309
  C:1AEFH         LINE#         310
  C:1AEFH         LINE#         311
  C:1AEFH         LINE#         312
  -------         ENDPROC       _PWM_INTERRUPT_TYPE_SEL
  -------         PROC          _PWM_MASK_PIN_SEL
  D:0007H         SYMBOL        PwmMaskPin
  D:0005H         SYMBOL        DataEnable
  C:0F1DH         LINE#         316
  C:0F1DH         LINE#         317
  C:0F1DH         LINE#         318
  C:0F45H         LINE#         319
  C:0F45H         LINE#         320
  C:0F45H         LINE#         321
  C:0F45H         LINE#         322
  C:0F48H         LINE#         323
  C:0F4BH         LINE#         324
  C:0F4BH         LINE#         325
  C:0F4EH         LINE#         326
  C:0F4FH         LINE#         328
  C:0F4FH         LINE#         329
  C:0F52H         LINE#         330
  C:0F52H         LINE#         331
  C:0F52H         LINE#         332
  C:0F53H         LINE#         334
  C:0F53H         LINE#         335
  C:0F53H         LINE#         336
  C:0F56H         LINE#         337
  C:0F59H         LINE#         338
  C:0F59H         LINE#         339
  C:0F5CH         LINE#         340
  C:0F5DH         LINE#         342
  C:0F5DH         LINE#         343
  C:0F60H         LINE#         344
  C:0F60H         LINE#         345
  C:0F60H         LINE#         346
  C:0F61H         LINE#         348
  C:0F61H         LINE#         349
  C:0F61H         LINE#         350
  C:0F64H         LINE#         351
  C:0F67H         LINE#         352
  C:0F67H         LINE#         353
  C:0F6AH         LINE#         354
  C:0F6BH         LINE#         356
  C:0F6BH         LINE#         357
  C:0F6EH         LINE#         358
  C:0F6EH         LINE#         359
  C:0F6EH         LINE#         360
  C:0F6FH         LINE#         362
  C:0F6FH         LINE#         363
  C:0F6FH         LINE#         364
  C:0F72H         LINE#         365
  C:0F75H         LINE#         366
BL51 BANKED LINKER/LOCATER V6.22                                                      10/15/2016  23:15:48  PAGE 30


  C:0F75H         LINE#         367
  C:0F78H         LINE#         368
  C:0F79H         LINE#         370
  C:0F79H         LINE#         371
  C:0F7CH         LINE#         372
  C:0F7CH         LINE#         373
  C:0F7CH         LINE#         374
  C:0F7DH         LINE#         376
  C:0F7DH         LINE#         377
  C:0F7DH         LINE#         378
  C:0F80H         LINE#         379
  C:0F83H         LINE#         380
  C:0F83H         LINE#         381
  C:0F86H         LINE#         382
  C:0F87H         LINE#         384
  C:0F87H         LINE#         385
  C:0F8AH         LINE#         386
  C:0F8AH         LINE#         387
  C:0F8AH         LINE#         388
  C:0F8BH         LINE#         390
  C:0F8BH         LINE#         391
  C:0F8BH         LINE#         392
  C:0F8EH         LINE#         393
  C:0F91H         LINE#         394
  C:0F91H         LINE#         395
  C:0F94H         LINE#         396
  C:0F95H         LINE#         398
  C:0F95H         LINE#         399
  C:0F98H         LINE#         400
  C:0F98H         LINE#         401
  C:0F98H         LINE#         402
  C:0F99H         LINE#         404
  C:0F99H         LINE#         405
  C:0F99H         LINE#         406
  C:0F9CH         LINE#         407
  C:0F9FH         LINE#         408
  C:0F9FH         LINE#         409
  C:0FA2H         LINE#         410
  C:0FA3H         LINE#         412
  C:0FA3H         LINE#         413
  C:0FA6H         LINE#         414
  C:0FA6H         LINE#         415
  C:0FA6H         LINE#         416
  C:0FA7H         LINE#         418
  C:0FA7H         LINE#         419
  C:0FA7H         LINE#         420
  C:0FAAH         LINE#         421
  C:0FADH         LINE#         422
  C:0FADH         LINE#         423
  C:0FB0H         LINE#         424
  C:0FB1H         LINE#         426
  C:0FB1H         LINE#         427
  C:0FB4H         LINE#         428
  C:0FB4H         LINE#         429
  C:0FB4H         LINE#         430
  C:0FB4H         LINE#         432
  C:0FB4H         LINE#         433
BL51 BANKED LINKER/LOCATER V6.22                                                      10/15/2016  23:15:48  PAGE 31


  C:0FB4H         LINE#         434
  C:0FB4H         LINE#         435
  -------         ENDPROC       _PWM_MASK_PIN_SEL
  -------         PROC          _PWM_DEAD_TIME_CONTROL
  D:0007H         SYMBOL        PwmPairPinSel
  -------         DO            
  D:0007H         SYMBOL        u8Tmp
  -------         ENDDO         
  C:10BEH         LINE#         439
  C:10BEH         LINE#         440
  C:10BEH         LINE#         443
  C:10C1H         LINE#         444
  C:10C1H         LINE#         445
  C:10D0H         LINE#         446
  C:10D2H         LINE#         447
  C:10D5H         LINE#         448
  C:10D5H         LINE#         449
  C:10E4H         LINE#         450
  C:10E6H         LINE#         452
  C:10E6H         LINE#         453
  C:10F9H         LINE#         454
  C:10F9H         LINE#         456
  C:10FCH         LINE#         457
  C:10FFH         LINE#         458
  C:1102H         LINE#         459
  C:1105H         LINE#         460
  C:1108H         LINE#         461
  C:110BH         LINE#         462
  C:110BH         LINE#         464
  C:110FH         LINE#         465
  C:110FH         LINE#         466
  C:1112H         LINE#         467
  C:1115H         LINE#         468
  C:1118H         LINE#         469
  C:1119H         LINE#         471
  C:1119H         LINE#         472
  C:111CH         LINE#         473
  C:111FH         LINE#         474
  C:1122H         LINE#         475
  C:1122H         LINE#         476
  -------         ENDPROC       _PWM_DEAD_TIME_CONTROL
  -------         PROC          _PWM_MODE_SELECT
  D:0007H         SYMBOL        mode
  C:1A89H         LINE#         480
  C:1A89H         LINE#         481
  C:1A89H         LINE#         482
  C:1A97H         LINE#         483
  C:1A97H         LINE#         484
  C:1A97H         LINE#         485
  C:1A97H         LINE#         486
  C:1A97H         LINE#         487
  C:1A97H         LINE#         488
  C:1A97H         LINE#         489
  C:1A99H         LINE#         491
  C:1A99H         LINE#         492
  C:1A99H         LINE#         493
  C:1A9CH         LINE#         494
BL51 BANKED LINKER/LOCATER V6.22                                                      10/15/2016  23:15:48  PAGE 32


  C:1A9FH         LINE#         495
  C:1A9FH         LINE#         496
  C:1AA0H         LINE#         498
  C:1AA0H         LINE#         499
  C:1AA0H         LINE#         500
  C:1AA3H         LINE#         501
  C:1AA3H         LINE#         502
  C:1AA3H         LINE#         503
  C:1AA5H         LINE#         505
  C:1AA8H         LINE#         508
  C:1AABH         LINE#         509
  C:1AABH         LINE#         510
  C:1AABH         LINE#         512
  C:1AABH         LINE#         513
  C:1AABH         LINE#         514
  C:1AABH         LINE#         515
  -------         ENDPROC       _PWM_MODE_SELECT
  -------         PROC          _PWM_POLARITY_SELECT
  D:0007H         SYMBOL        PwmPinSel
  D:0005H         SYMBOL        PwmPol
  C:1041H         LINE#         519
  C:1041H         LINE#         520
  C:1041H         LINE#         521
  C:1066H         LINE#         522
  C:1066H         LINE#         523
  C:1066H         LINE#         524
  C:1066H         LINE#         525
  C:1069H         LINE#         526
  C:1069H         LINE#         527
  C:106CH         LINE#         528
  C:106DH         LINE#         530
  C:106DH         LINE#         531
  C:1070H         LINE#         532
  C:1070H         LINE#         533
  C:1070H         LINE#         534
  C:1071H         LINE#         536
  C:1071H         LINE#         537
  C:1071H         LINE#         538
  C:1074H         LINE#         539
  C:1074H         LINE#         540
  C:1077H         LINE#         541
  C:1078H         LINE#         543
  C:1078H         LINE#         544
  C:107BH         LINE#         545
  C:107BH         LINE#         546
  C:107BH         LINE#         547
  C:107CH         LINE#         549
  C:107CH         LINE#         550
  C:107CH         LINE#         551
  C:107FH         LINE#         552
  C:107FH         LINE#         553
  C:1082H         LINE#         554
  C:1083H         LINE#         556
  C:1083H         LINE#         557
  C:1086H         LINE#         558
  C:1086H         LINE#         559
  C:1086H         LINE#         560
BL51 BANKED LINKER/LOCATER V6.22                                                      10/15/2016  23:15:48  PAGE 33


  C:1087H         LINE#         562
  C:1087H         LINE#         563
  C:1087H         LINE#         564
  C:108AH         LINE#         565
  C:108AH         LINE#         566
  C:108DH         LINE#         567
  C:108EH         LINE#         569
  C:108EH         LINE#         570
  C:1091H         LINE#         571
  C:1091H         LINE#         572
  C:1091H         LINE#         573
  C:1092H         LINE#         575
  C:1092H         LINE#         576
  C:1092H         LINE#         577
  C:1095H         LINE#         578
  C:1095H         LINE#         579
  C:1098H         LINE#         580
  C:1099H         LINE#         582
  C:1099H         LINE#         583
  C:109CH         LINE#         584
  C:109CH         LINE#         585
  C:109CH         LINE#         586
  C:109DH         LINE#         588
  C:109DH         LINE#         589
  C:109DH         LINE#         590
  C:10A0H         LINE#         591
  C:10A0H         LINE#         592
  C:10A3H         LINE#         593
  C:10A4H         LINE#         595
  C:10A4H         LINE#         596
  C:10A7H         LINE#         597
  C:10A7H         LINE#         598
  C:10A7H         LINE#         599
  C:10A8H         LINE#         601
  C:10A8H         LINE#         602
  C:10A8H         LINE#         603
  C:10ABH         LINE#         604
  C:10ABH         LINE#         605
  C:10AEH         LINE#         606
  C:10AFH         LINE#         608
  C:10AFH         LINE#         609
  C:10B2H         LINE#         610
  C:10B2H         LINE#         611
  C:10B2H         LINE#         612
  C:10B3H         LINE#         614
  C:10B3H         LINE#         615
  C:10B3H         LINE#         616
  C:10B6H         LINE#         617
  C:10B6H         LINE#         618
  C:10B9H         LINE#         619
  C:10BAH         LINE#         621
  C:10BAH         LINE#         622
  C:10BDH         LINE#         623
  C:10BDH         LINE#         624
  C:10BDH         LINE#         625
  C:10BDH         LINE#         627
  C:10BDH         LINE#         628
BL51 BANKED LINKER/LOCATER V6.22                                                      10/15/2016  23:15:48  PAGE 34


  C:10BDH         LINE#         629
  C:10BDH         LINE#         630
  -------         ENDPROC       _PWM_POLARITY_SELECT
  -------         PROC          TRIGGER_TIMER1
  C:1C63H         LINE#         633
  C:1C63H         LINE#         634
  C:1C63H         LINE#         635
  C:1C66H         LINE#         636
  C:1C69H         LINE#         637
  C:1C6CH         LINE#         638
  C:1C6FH         LINE#         639
  C:1C71H         LINE#         640
[...]
  C:1C49H         LINE#         151
  C:1C4EH         LINE#         152
  C:1C51H         LINE#         153
  C:1C53H         LINE#         154
  -------         ENDPROC       FLASH_CHIP_ERASE
  -------         PROC          FLASH_READ_STATUS
  -------         DO            
  D:0007H         SYMBOL        u8Status
  -------         ENDDO         
  C:1AF0H         LINE#         157
  C:1AF0H         LINE#         158
  C:1AF0H         LINE#         161
  C:1AF2H         LINE#         163
  C:1AF2H         LINE#         164
  C:1AF5H         LINE#         165
  C:1AFAH         LINE#         166
  C:1AFDH         LINE#         168
BL51 BANKED LINKER/LOCATER V6.22                                                      10/15/2016  23:15:48  PAGE 43


  C:1B00H         LINE#         169
  C:1B05H         LINE#         170
  C:1B07H         LINE#         171
  C:1B0AH         LINE#         172
  C:1B0AH         LINE#         173
  C:1B0EH         LINE#         174
  C:1B10H         LINE#         175
  -------         ENDPROC       FLASH_READ_STATUS
  -------         PROC          FLASH_ERASE_VERIFY
  -------         DO            
  D:0074H         SYMBOL        u16CNT
  D:0007H         SYMBOL        u8Data
  -------         ENDDO         
  C:123FH         LINE#         178
  C:123FH         LINE#         179
  C:123FH         LINE#         183
  C:1241H         LINE#         185
  C:1244H         LINE#         186
  C:1249H         LINE#         187
  C:124CH         LINE#         190
  C:124FH         LINE#         191
  C:1254H         LINE#         192
  C:1257H         LINE#         194
  C:125AH         LINE#         195
  C:125FH         LINE#         196
  C:1262H         LINE#         198
  C:1265H         LINE#         199
  C:126AH         LINE#         200
  C:126DH         LINE#         202
  C:1272H         LINE#         203
  C:1272H         LINE#         204
  C:1275H         LINE#         205
  C:127AH         LINE#         206
  C:127CH         LINE#         207
  C:127FH         LINE#         208
  C:1283H         LINE#         209
  C:1283H         LINE#         210
  C:1286H         LINE#         211
  C:1286H         LINE#         212
  C:1297H         LINE#         214
  C:1299H         LINE#         215
  -------         ENDPROC       FLASH_ERASE_VERIFY
  -------         PROC          _FLASH_PROGRAM
  D:006EH         SYMBOL        pu16DAT
  C:1821H         LINE#         218
  C:1827H         LINE#         219
  C:1827H         LINE#         220
  C:1829H         LINE#         222
  C:182CH         LINE#         223
  C:1831H         LINE#         224
  C:1834H         LINE#         227
  C:1837H         LINE#         228
  C:183CH         LINE#         229
  C:183FH         LINE#         231
  C:1842H         LINE#         232
  C:1847H         LINE#         233
  C:184AH         LINE#         235
BL51 BANKED LINKER/LOCATER V6.22                                                      10/15/2016  23:15:48  PAGE 44


  C:184DH         LINE#         236
  C:1852H         LINE#         237
  C:1855H         LINE#         240
  C:1858H         LINE#         241
  C:185DH         LINE#         242
  C:1860H         LINE#         244
  C:1862H         LINE#         245
  -------         ENDPROC       _FLASH_PROGRAM
  -------         PROC          _FLASH_PROGRAM_VERIFY
  D:0071H         SYMBOL        pu16DAT
  -------         DO            
  D:0007H         SYMBOL        u8Data
  -------         ENDDO         
  C:15D6H         LINE#         247
  C:15DCH         LINE#         248
  C:15DCH         LINE#         251
  C:15DEH         LINE#         253
  C:15E1H         LINE#         254
  C:15E6H         LINE#         255
  C:15E9H         LINE#         258
  C:15ECH         LINE#         259
  C:15F1H         LINE#         260
  C:15F4H         LINE#         262
  C:15F7H         LINE#         263
  C:15FCH         LINE#         264
  C:15FFH         LINE#         266
  C:1602H         LINE#         267
  C:1607H         LINE#         268
  C:160AH         LINE#         270
  C:160DH         LINE#         271
  C:1612H         LINE#         272
  C:1614H         LINE#         273
  C:1617H         LINE#         274
  C:161CH         LINE#         275
  C:161CH         LINE#         276
  C:161FH         LINE#         277
  C:161FH         LINE#         279
  C:1621H         LINE#         280
  -------         ENDPROC       _FLASH_PROGRAM_VERIFY
  -------         ENDMOD        SPI

  -------         MODULE        ?RTX51_TINY_KERNAL
  C:1D09H         SEGMENT       ?RTX?TASKENT?S
  I:007DH         SEGMENT       ?RTX?TASKSP?S
  I:0077H         SEGMENT       ?RTX?TASKSTATE?S
  B:0021H.1       SEGMENT       ?RTX?BITS
  C:036AH         SEGMENT       ?RTX?CODE
  C:03B8H         PUBLIC        ?RTX?SET_ISR
  D:000CH         PUBLIC        ?RTX_CURRENTTASK
  D:0007H         PUBLIC        ?RTX_NEXTID
  C:0407H         PUBLIC        ?RTX_NEXTTASK
  N:00FFH         PUBLIC        ?RTX_RAMTOP
  C:1D09H         PUBLIC        ?RTX_TASKENTRY
  C:04E6H         PUBLIC        ?RTX_TASKIDX
  I:007DH         PUBLIC        ?RTX_TASKSP
  I:0077H         PUBLIC        ?RTX_TASKSTATUS
  C:04AAH         PUBLIC        MAIN
BL51 BANKED LINKER/LOCATER V6.22                                                      10/15/2016  23:15:48  PAGE 45


  C:03E6H         PUBLIC        OS_SWITCH_TASK
  C:03EFH         SYMBOL        ?C0001
  C:0403H         SYMBOL        ?C0003
  C:0408H         SYMBOL        ?C0005
  C:0422H         SYMBOL        ?C0007
  C:0424H         SYMBOL        ?C0009
  C:042EH         SYMBOL        ?C0011
  C:045BH         SYMBOL        ?C0012
  C:0441H         SYMBOL        ?C0013
  C:0446H         SYMBOL        ?C0015
  C:0451H         SYMBOL        ?C0016
  N:0000H         SYMBOL        ?RTX51_TINY_KERNAL
  N:D8F0H         SYMBOL        ?RTX_CLOCK
  B:0021H.2       SYMBOL        ?RTX_ISR_SIG
  N:0008H         SYMBOL        ?RTX_REGISTERBANK
  D:000DH         SYMBOL        ?RTX_ROBINTIME
  D:000AH         SYMBOL        ?RTX_SAVEACC
  D:000BH         SYMBOL        ?RTX_SAVEPSW
  C:036AH         SYMBOL        ?RTX_STACKERROR
  C:03BEH         SYMBOL        ?RTX_TASKSWITCHING
  B:0021H.1       SYMBOL        ?RTX_TS_DELAY
  D:00E0H         SYMBOL        ACC
  D:00F0H         SYMBOL        B
  N:0005H         SYMBOL        B_ACTIVE
  N:0007H         SYMBOL        B_IVL
  N:0007H         SYMBOL        B_RDY
  N:0004H         SYMBOL        B_READY
  N:0006H         SYMBOL        B_ROBIN
  N:0002H         SYMBOL        B_SIGNAL
  N:0003H         SYMBOL        B_TIMEOUT
  N:0000H         SYMBOL        B_WAITSIG
  N:0001H         SYMBOL        B_WAITTIM
  C:03BBH         SYMBOL        CHECKROBINTIME
  C:0393H         SYMBOL        CHECKSTACK
  N:0000H         SYMBOL        CODE_BANKING
  N:0001H         SYMBOL        CPU_IDLE_CODE
  D:0083H         SYMBOL        DPH
  D:0082H         SYMBOL        DPL
  B:00A8H.7       SYMBOL        EA
  B:00A8H.4       SYMBOL        ES
  B:00A8H.1       SYMBOL        ET0
  B:00A8H.3       SYMBOL        ET1
  B:00A8H.0       SYMBOL        EX0
  B:00A8H.2       SYMBOL        EX1
  N:0014H         SYMBOL        FREE_STACK
  C:036EH         SYMBOL        HW_TIMER
  D:00A8H         SYMBOL        IE
  B:0088H.1       SYMBOL        IE0
  B:0088H.3       SYMBOL        IE1
  N:2710H         SYMBOL        INT_CLOCK
  N:0001H         SYMBOL        INT_REGBANK
  B:0088H.0       SYMBOL        IT0
  B:0088H.2       SYMBOL        IT1
  N:0020H         SYMBOL        K_ACTIVE
  N:0080H         SYMBOL        K_IVL
  N:0080H         SYMBOL        K_RDY
  N:0010H         SYMBOL        K_READY
BL51 BANKED LINKER/LOCATER V6.22                                                      10/15/2016  23:15:48  PAGE 46


  N:0040H         SYMBOL        K_ROBIN
  N:0001H         SYMBOL        K_SIG
  N:0002H         SYMBOL        K_TMO
  N:0000H         SYMBOL        LONG_USR_INTR
  C:04B3H         SYMBOL        MAIN1
  C:04BDH         SYMBOL        MAIN1X
  C:04B8H         SYMBOL        MAIN2
  C:047EH         SYMBOL        NOEVENT
  C:03FCH         SYMBOL        NOIDLE
  C:03B8H         SYMBOL        NOROBINTIMEOUT
  C:03AFH         SYMBOL        NOTIMEOUT
  C:03ADH         SYMBOL        NOWAITTIMEOUT
  C:03E6H         SYMBOL        OS_SWITCH_TASK1
  D:0087H         SYMBOL        PCON
  D:00D0H         SYMBOL        PSW
  N:00FFH         SYMBOL        RAMTOP
  N:0080H         SYMBOL        RDY_EVENT
  C:048AH         SYMBOL        ROBINON
  C:0472H         SYMBOL        SIGNALOFF
  C:047EH         SYMBOL        SIGNALON
  N:0004H         SYMBOL        SIG_EVENT
  D:0081H         SYMBOL        SP
  I:0078H         SYMBOL        TASKSTATE
  D:0088H         SYMBOL        TCON
  B:0088H.5       SYMBOL        TF0
  B:0088H.7       SYMBOL        TF1
  D:008CH         SYMBOL        TH0
  D:008DH         SYMBOL        TH1
  C:047AH         SYMBOL        TIMEOUTON
  C:036FH         SYMBOL        TIMERINT
  C:039FH         SYMBOL        TIMERLOOP
  I:0077H         SYMBOL        TIMERVAL
  N:0005H         SYMBOL        TIMESHARING
  D:008AH         SYMBOL        TL0
  D:008BH         SYMBOL        TL1
  D:0089H         SYMBOL        TMOD
  N:0008H         SYMBOL        TMO_EVENT
  B:0088H.4       SYMBOL        TR0
  B:0088H.6       SYMBOL        TR1
  C:000BH         LINE#         271
  C:036AH         LINE#         279
  C:036CH         LINE#         279
  C:036EH         LINE#         282
  C:036FH         LINE#         299
  C:0372H         LINE#         301
  C:0375H         LINE#         302
  C:0378H         LINE#         303
  C:0379H         LINE#         305
  C:037BH         LINE#         306
  C:037DH         LINE#         307
  C:037FH         LINE#         308
  C:0381H         LINE#         309
  C:0383H         LINE#         310
  C:0385H         LINE#         311
  C:0387H         LINE#         312
  C:0389H         LINE#         316
  C:038AH         LINE#         317
BL51 BANKED LINKER/LOCATER V6.22                                                      10/15/2016  23:15:48  PAGE 47


  C:038CH         LINE#         318
  C:038DH         LINE#         319
  C:038EH         LINE#         320
  C:0391H         LINE#         321
  C:0393H         LINE#         322
  C:0394H         LINE#         323
  C:0396H         LINE#         324
  C:0399H         LINE#         325
  C:039BH         LINE#         329
  C:039DH         LINE#         330
  C:039FH         LINE#         331
  C:03A0H         LINE#         332
  C:03A1H         LINE#         333
  C:03A2H         LINE#         334
  C:03A4H         LINE#         335
  C:03A6H         LINE#         336
  C:03A7H         LINE#         337
  C:03AAH         LINE#         338
  C:03ACH         LINE#         339
  C:03ADH         LINE#         340
  C:03AFH         LINE#         341
  C:03B0H         LINE#         342
  C:03B2H         LINE#         344
  C:03B3H         LINE#         345
  C:03B5H         LINE#         360
  C:03B8H         LINE#         364
  C:03BAH         LINE#         366
  C:03BBH         LINE#         367
  C:03BEH         LINE#         370
  C:03C0H         LINE#         371
  C:03C2H         LINE#         372
  C:03C4H         LINE#         373
  C:03C6H         LINE#         374
  C:03C8H         LINE#         375
  C:03CAH         LINE#         376
  C:03CCH         LINE#         377
  C:03CEH         LINE#         378
  C:03D0H         LINE#         379
  C:03D2H         LINE#         380
  C:03D4H         LINE#         381
  C:03D6H         LINE#         382
  C:03D8H         LINE#         387
  C:03DAH         LINE#         388
  C:03DBH         LINE#         389
  C:03DDH         LINE#         390
  C:03DEH         LINE#         391
  C:03E0H         LINE#         392
  C:03E2H         LINE#         393
  C:03E3H         LINE#         394
  C:03E4H         LINE#         395
  C:03E6H         LINE#         424
  C:03E8H         LINE#         426
  C:03EAH         LINE#         427
  C:03EBH         LINE#         429
  C:03ECH         LINE#         430
  C:03EEH         LINE#         431
  C:03EFH         LINE#         434
BL51 BANKED LINKER/LOCATER V6.22                                                      10/15/2016  23:15:48  PAGE 48


  C:03F0H         LINE#         435
  C:03F1H         LINE#         436
  C:03F2H         LINE#         438
  C:03F3H         LINE#         439
  C:03F6H         LINE#         440
  C:03F9H         LINE#         441
  C:03FCH         LINE#         444
  C:03FFH         LINE#         445
  C:0401H         LINE#         446
  C:0403H         LINE#         449
  C:0404H         LINE#         450
  C:0407H         LINE#         458
  C:0408H         LINE#         462
  C:040AH         LINE#         463
  C:040BH         LINE#         464
  C:040CH         LINE#         465
  C:040EH         LINE#         468
  C:0410H         LINE#         470
  C:0412H         LINE#         471
  C:0414H         LINE#         472
  C:0415H         LINE#         473
  C:0416H         LINE#         474
  C:0417H         LINE#         476
  C:0419H         LINE#         478
  C:041AH         LINE#         479
  C:041BH         LINE#         480
  C:041DH         LINE#         481
  C:0420H         LINE#         482
  C:0422H         LINE#         484
  C:0423H         LINE#         485
  C:0424H         LINE#         490
  C:0425H         LINE#         491
  C:0426H         LINE#         492
  C:0428H         LINE#         496
  C:0429H         LINE#         497
  C:042AH         LINE#         498
  C:042CH         LINE#         499
  C:042EH         LINE#         505
  C:0430H         LINE#         506
  C:0431H         LINE#         507
  C:0432H         LINE#         508
  C:0434H         LINE#         510
  C:0436H         LINE#         511
  C:0438H         LINE#         512
  C:0439H         LINE#         513
  C:043AH         LINE#         516
  C:043CH         LINE#         517
  C:043FH         LINE#         518
  C:0441H         LINE#         520
  C:0442H         LINE#         522
  C:0443H         LINE#         523
  C:0444H         LINE#         524
  C:0445H         LINE#         525
  C:0446H         LINE#         529
  C:0448H         LINE#         530
  C:0449H         LINE#         531
  C:044BH         LINE#         535
BL51 BANKED LINKER/LOCATER V6.22                                                      10/15/2016  23:15:48  PAGE 49


  C:044DH         LINE#         536
  C:044EH         LINE#         537
  C:044FH         LINE#         539
  C:0451H         LINE#         543
  C:0453H         LINE#         544
  C:0455H         LINE#         545
  C:0456H         LINE#         546
  C:0457H         LINE#         548
  C:0459H         LINE#         549
  C:045BH         LINE#         555
  C:045EH         LINE#         559
  C:0460H         LINE#         560
  C:0461H         LINE#         561
  C:0463H         LINE#         562
  C:0464H         LINE#         563
  C:0466H         LINE#         564
  C:0468H         LINE#         565
  C:0469H         LINE#         567
  C:046CH         LINE#         571
  C:046FH         LINE#         572
  C:0472H         LINE#         576
  C:0474H         LINE#         577
  C:0477H         LINE#         578
  C:047AH         LINE#         580
  C:047CH         LINE#         581
  C:047EH         LINE#         583
  C:0480H         LINE#         584
  C:0481H         LINE#         585
  C:0483H         LINE#         587
  C:0485H         LINE#         588
  C:0487H         LINE#         594
  C:0489H         LINE#         595
  C:048AH         LINE#         608
  C:048BH         LINE#         609
  C:048DH         LINE#         614
  C:048FH         LINE#         615
  C:0491H         LINE#         616
  C:0493H         LINE#         617
  C:0495H         LINE#         618
  C:0497H         LINE#         619
  C:0499H         LINE#         620
  C:049BH         LINE#         621
  C:049DH         LINE#         622
  C:049FH         LINE#         623
  C:04A1H         LINE#         624
  C:04A3H         LINE#         625
  C:04A5H         LINE#         626
  C:04A7H         LINE#         627
  C:04A9H         LINE#         628
  C:04AAH         LINE#         642
  C:04ACH         LINE#         643
  C:04AEH         LINE#         644
  C:04B0H         LINE#         645
  C:04B2H         LINE#         646
  C:04B3H         LINE#         647
  C:04B4H         LINE#         648
  C:04B6H         LINE#         649
BL51 BANKED LINKER/LOCATER V6.22                                                      10/15/2016  23:15:48  PAGE 50


  C:04B8H         LINE#         650
  C:04BAH         LINE#         651
  C:04BBH         LINE#         652
  C:04BDH         LINE#         653
  C:04BEH         LINE#         654
  C:04BFH         LINE#         655
  C:04C0H         LINE#         656
  C:04C1H         LINE#         657
  C:04C3H         LINE#         658
  C:04C5H         LINE#         659
  C:04C7H         LINE#         660
  C:04CAH         LINE#         661
  C:04CCH         LINE#         662
  C:04CDH         LINE#         663
  C:04CFH         LINE#         664
  C:04D0H         LINE#         665
  C:04D1H         LINE#         666
  C:04D3H         LINE#         668
  C:04D6H         LINE#         670
  C:04D9H         LINE#         671
  C:04DCH         LINE#         672
  C:04DFH         LINE#         673
  C:04E1H         LINE#         674
  C:04E3H         LINE#         675
  C:04E5H         LINE#         676
  -------         ENDMOD        ?RTX51_TINY_KERNAL

  -------         MODULE        ?C?CLDPTR
  C:066BH         PUBLIC        ?C?CLDPTR
  -------         ENDMOD        ?C?CLDPTR

  -------         MODULE        ?C?CSTPTR
  C:0684H         PUBLIC        ?C?CSTPTR
  -------         ENDMOD        ?C?CSTPTR

  -------         MODULE        ?C?ULDIV
  C:06D2H         PUBLIC        ?C?ULDIV
  -------         ENDMOD        ?C?ULDIV

  -------         MODULE        ?C?ULCMP
  C:0764H         PUBLIC        ?C?ULCMP
  -------         ENDMOD        ?C?ULCMP

  -------         MODULE        ?C?ULSHR
  C:0775H         PUBLIC        ?C?ULSHR
  -------         ENDMOD        ?C?ULSHR

  -------         MODULE        ?C?LLDIDATA
  C:0788H         PUBLIC        ?C?LLDIDATA
  -------         ENDMOD        ?C?LLDIDATA

  -------         MODULE        ?C?LLDIDATA0
  C:0794H         PUBLIC        ?C?LLDIDATA0
  -------         ENDMOD        ?C?LLDIDATA0

  -------         MODULE        ?C?LSTIDATA
  C:07A1H         PUBLIC        ?C?LSTIDATA
BL51 BANKED LINKER/LOCATER V6.22                                                      10/15/2016  23:15:48  PAGE 51


  -------         ENDMOD        ?C?LSTIDATA

  -------         MODULE        ?C?LSTKIDATA
  C:07ADH         PUBLIC        ?C?LSTKIDATA
  -------         ENDMOD        ?C?LSTKIDATA

  -------         MODULE        ?C_IBP
  D:0076H         PUBLIC        ?C_IBP
  -------         ENDMOD        ?C_IBP

  -------         MODULE        PRINTF
  D:0022H         PUBLIC        ?_PRINTF517?BYTE
  D:0022H         PUBLIC        ?_PRINTF?BYTE
  D:0022H         PUBLIC        ?_SPRINTF517?BYTE
  D:0022H         PUBLIC        ?_SPRINTF?BYTE
  C:0070H         PUBLIC        _PRINTF
  C:0070H         PUBLIC        _PRINTF517
  C:006AH         PUBLIC        _SPRINTF
  C:006AH         PUBLIC        _SPRINTF517
  -------         ENDMOD        PRINTF

  -------         MODULE        ?C?CLDOPTR
  C:07C6H         PUBLIC        ?C?CLDOPTR
  -------         ENDMOD        ?C?CLDOPTR

  -------         MODULE        ?C?PLDIIDATA
  C:07F3H         PUBLIC        ?C?PLDIIDATA
  -------         ENDMOD        ?C?PLDIIDATA

  -------         MODULE        ?C?CCASE
  C:0803H         PUBLIC        ?C?CCASE
  -------         ENDMOD        ?C?CCASE

  -------         MODULE        PUTCHAR
  C:1A62H         PUBLIC        _PUTCHAR
  -------         ENDMOD        PUTCHAR

Program Size: data=128.4 xdata=0 code=7443
LINK/LOCATE RUN COMPLETE.  0 WARNING(S),  0 ERROR(S)
